2024-10-17 13:44:48.645  2890-2890  ImeTracker              com.iflytek.voicedemo                I  com.iflytek.voicedemo:6718334c: onFailed at PHASE_CLIENT_VIEW_SERVED
2024-10-17 13:44:50.271  2890-2965  EGL_emulation           com.iflytek.voicedemo                D  app_time_stats: avg=299.67ms min=4.20ms max=1587.46ms count=6
2024-10-17 13:44:51.456  2890-2965  OpenGLRenderer          com.iflytek.voicedemo                E  Unable to match the desired swap behavior.
2024-10-17 13:44:51.533  2890-2965  EGL_emulation           com.iflytek.voicedemo                D  app_time_stats: avg=78.73ms min=13.99ms max=1016.66ms count=16
2024-10-17 13:44:51.702  2890-2890  InsetsController        com.iflytek.voicedemo                D  show(ime(), fromIme=true)
2024-10-17 13:44:51.915  2890-2890  ImeTracker              com.iflytek.voicedemo                I  com.iflytek.voicedemo:1325378f: onShown
2024-10-17 13:44:52.086  2890-2890  WindowOnBackDispatcher  com.iflytek.voicedemo                W  sendCancelIfRunning: isInProgress=falsecallback=android.view.ViewRootImpl$$ExternalSyntheticLambda17@c01db30
2024-10-17 13:44:53.067  2890-2965  EGL_emulation           com.iflytek.voicedemo                D  app_time_stats: avg=153.33ms min=2.12ms max=499.59ms count=10
2024-10-17 13:44:54.068  2890-2965  EGL_emulation           com.iflytek.voicedemo                D  app_time_stats: avg=500.65ms min=500.49ms max=500.81ms count=2
2024-10-17 13:44:54.142  2890-2890  ImeTracker              com.iflytek.voicedemo                I  com.iflytek.voicedemo:25e14e36: onRequestShow at ORIGIN_CLIENT_SHOW_SOFT_INPUT reason SHOW_SOFT_INPUT
2024-10-17 13:44:54.143  2890-2890  InputMethodManager      com.iflytek.voicedemo                D  showSoftInput() view=android.widget.EditText{c417536 VFED..CL. .F.P..ID 35,1018-1405,1813 #7f0900d2 app:id/iat_contacts aid=1073741825} flags=0 reason=SHOW_SOFT_INPUT
2024-10-17 13:44:54.168  2890-2890  WindowOnBackDispatcher  com.iflytek.voicedemo                W  sendCancelIfRunning: isInProgress=falsecallback=ImeCallback=ImeOnBackInvokedCallback@60002342 Callback=android.window.IOnBackInvokedCallback$Stub$Proxy@6002fcf
2024-10-17 13:44:54.187  2890-2890  InsetsController        com.iflytek.voicedemo                D  show(ime(), fromIme=true)
2024-10-17 13:44:54.187  2890-2890  ImeTracker              com.iflytek.voicedemo                I  com.iflytek.voicedemo:1420f1e9: onCancelled at PHASE_CLIENT_APPLY_ANIMATION
2024-10-17 13:44:54.200  2890-2890  InsetsController        com.iflytek.voicedemo                D  show(ime(), fromIme=true)
2024-10-17 13:44:54.200  2890-2890  ImeTracker              com.iflytek.voicedemo                I  com.iflytek.voicedemo:25e14e36: onCancelled at PHASE_CLIENT_APPLY_ANIMATION
2024-10-17 13:44:55.149  2890-2965  EGL_emulation           com.iflytek.voicedemo                D  app_time_stats: avg=270.18ms min=19.26ms max=496.60ms count=4
2024-10-17 13:44:56.151  2890-2965  EGL_emulation           com.iflytek.voicedemo                D  app_time_stats: avg=500.51ms min=500.26ms max=500.77ms count=2
2024-10-17 13:44:56.417  2890-2890  WindowOnBackDispatcher  com.iflytek.voicedemo                W  sendCancelIfRunning: isInProgress=falsecallback=ImeCallback=ImeOnBackInvokedCallback@60002342 Callback=android.window.IOnBackInvokedCallback$Stub$Proxy@54f93a
2024-10-17 13:44:56.618  2890-2890  ImeTracker              com.iflytek.voicedemo                I  com.iflytek.voicedemo:c11929cf: onRequestHide at ORIGIN_CLIENT_HIDE_SOFT_INPUT reason HIDE_SOFT_INPUT_BY_INSETS_API
2024-10-17 13:44:56.619  2890-2890  ImeTracker              com.iflytek.voicedemo                I  com.iflytek.voicedemo:6f30c35a: onHidden
2024-10-17 13:44:57.650  2890-2965  EGL_emulation           com.iflytek.voicedemo                D  app_time_stats: avg=499.77ms min=497.56ms max=501.57ms count=3
2024-10-17 13:44:58.671  2890-2965  EGL_emulation           com.iflytek.voicedemo                D  app_time_stats: avg=510.32ms min=500.31ms max=520.33ms count=2
2024-10-17 13:44:58.904  2890-2890  IatDemo                 com.iflytek.voicedemo                E  language = zh_cn
2024-10-17 13:44:58.905  2890-2890  IatDemo                 com.iflytek.voicedemo                E  last language:zh_cn
2024-10-17 13:44:58.909  2890-2890  MscSpeechLog            com.iflytek.voicedemo                D  start engine mode = MSC
2024-10-17 13:44:58.910  2890-2890  MscSpeechLog            com.iflytek.voicedemo                D  mSpeechTimeOut=60000
2024-10-17 13:44:58.910  2890-2890  MscSpeechLog            com.iflytek.voicedemo                D  start request music_stream focus
2024-10-17 13:44:58.910  2890-2890  AudioManager            com.iflytek.voicedemo                W  Use of stream types is deprecated for operations other than volume control
2024-10-17 13:44:58.910  2890-2890  AudioManager            com.iflytek.voicedemo                W  See the documentation of requestAudioFocus() for what to use instead with android.media.AudioAttributes to qualify your playback use case
2024-10-17 13:44:58.912  2890-2890  MscSpeechLog            com.iflytek.voicedemo                D  [isr]startListening called
2024-10-17 13:44:58.913  2890-2890  MscSpeechLog            com.iflytek.voicedemo                D  curStatus=init,setStatus=start
2024-10-17 13:44:58.913  2890-2890  MscSpeechLog            com.iflytek.voicedemo                D  setStatus success=start
2024-10-17 13:44:58.914  2890-11700 MscSpeechLog            com.iflytek.voicedemo                D  [isr]start connecting
2024-10-17 13:44:58.918  2890-11700 MscSpeechLog            com.iflytek.voicedemo                D  QISRSessionBegin begin, grammar: null
2024-10-17 13:44:58.919  2890-11700 MSC_LOG                 com.iflytek.voicedemo                D  QISRSessionBegin Begin
2024-10-17 13:44:58.926  2890-11700 MSC_LOG                 com.iflytek.voicedemo                D  QISRSessionBegin End
2024-10-17 13:44:58.926  2890-11700 MscSpeechLog            com.iflytek.voicedemo                D  QISRSessionBegin end: 0 time:8
2024-10-17 13:44:58.926  2890-11700 MSC_LOG                 com.iflytek.voicedemo                D  QISRRegisterNotify Begin
2024-10-17 13:44:58.926  2890-11700 MSC_LOG                 com.iflytek.voicedemo                D  QISRRegisterNotify Findclass
2024-10-17 13:44:58.926  2890-11700 MSC_LOG                 com.iflytek.voicedemo                D  QISRRegisterNotify GetstaticMethodID
2024-10-17 13:44:58.926  2890-11700 MSC_LOG                 com.iflytek.voicedemo                D  QISRRegisterNotify Get sessionID
2024-10-17 13:44:58.926  2890-11700 MSC_LOG                 com.iflytek.voicedemo                D  QISRRegisterNotify start call
2024-10-17 13:44:58.927  2890-2890  MscSpeechLog            com.iflytek.voicedemo                D  stopRecognize, current status is :start usercancel : true
2024-10-17 13:44:58.928  2890-2890  MscSpeechLog            com.iflytek.voicedemo                D  curStatus=start,setStatus=waitresult
2024-10-17 13:44:58.928  2890-2890  MscSpeechLog            com.iflytek.voicedemo                D  setStatus success=waitresult
2024-10-17 13:44:58.928  2890-11700 MSC_LOG                 com.iflytek.voicedemo                D  QISRRegisterNotify End
2024-10-17 13:44:58.928  2890-11700 MscSpeechLog            com.iflytek.voicedemo                D  curStatus=waitresult,setStatus=recording
2024-10-17 13:44:58.929  2890-11700 MscSpeechLog            com.iflytek.voicedemo                D  setStatus success=recording
2024-10-17 13:44:58.936  2890-3881  MSC_LOG                 com.iflytek.voicedemo                D  JNI_IsrStatusCB
2024-10-17 13:44:58.936  2890-3881  MSC_LOG                 com.iflytek.voicedemo                D  JNI_IsrStatusCB AttachCurrentThread
2024-10-17 13:44:58.936  2890-3881  MSC_LOG                 com.iflytek.voicedemo                D  JNI_IsrStatusCB get sessionID chararray
2024-10-17 13:44:58.936  2890-3881  MSC_LOG                 com.iflytek.voicedemo                D  JNI_IsrStatusCB get param2 bytearray
2024-10-17 13:44:58.936  2890-3881  MSC_LOG                 com.iflytek.voicedemo                D  JNI_IsrStatusCB CallVoidMethod
2024-10-17 13:44:58.936  2890-3881  MSC_LOG                 com.iflytek.voicedemo                D  JNI_IsrStatusCB DetachCurrentThread
2024-10-17 13:44:58.940  2890-2890  lytek.voicedemo         com.iflytek.voicedemo                W  type=1400 audit(0.0:99): avc:  denied  { search } for  name="net" dev="sysfs" ino=6916 scontext=u:r:untrusted_app:s0:c192,c256,c512,c768 tcontext=u:object_r:sysfs_net:s0 tclass=dir permissive=0 app=com.iflytek.voicedemo
2024-10-17 13:44:58.940  2890-2890  lytek.voicedemo         com.iflytek.voicedemo                W  type=1400 audit(0.0:100): avc:  denied  { search } for  name="net" dev="sysfs" ino=6916 scontext=u:r:untrusted_app:s0:c192,c256,c512,c768 tcontext=u:object_r:sysfs_net:s0 tclass=dir permissive=0 app=com.iflytek.voicedemo
2024-10-17 13:44:58.960  2890-11700 MscSpeechLog            com.iflytek.voicedemo                D  recording stop
2024-10-17 13:44:58.940  2890-2890  lytek.voicedemo         com.iflytek.voicedemo                W  type=1400 audit(0.0:101): avc:  denied  { search } for  name="net" dev="sysfs" ino=6916 scontext=u:r:untrusted_app:s0:c192,c256,c512,c768 tcontext=u:object_r:sysfs_net:s0 tclass=dir permissive=0 app=com.iflytek.voicedemo
2024-10-17 13:44:58.962  2890-11700 MscSpeechLog            com.iflytek.voicedemo                D  IsrSession pushEndFlag
2024-10-17 13:44:58.940  2890-2890  lytek.voicedemo         com.iflytek.voicedemo                W  type=1400 audit(0.0:102): avc:  denied  { search } for  name="net" dev="sysfs" ino=6916 scontext=u:r:untrusted_app:s0:c192,c256,c512,c768 tcontext=u:object_r:sysfs_net:s0 tclass=dir permissive=0 app=com.iflytek.voicedemo
2024-10-17 13:44:58.940  2890-2890  lytek.voicedemo         com.iflytek.voicedemo                W  type=1400 audit(0.0:103): avc:  denied  { search } for  name="net" dev="sysfs" ino=6916 scontext=u:r:untrusted_app:s0:c192,c256,c512,c768 tcontext=u:object_r:sysfs_net:s0 tclass=dir permissive=0 app=com.iflytek.voicedemo
2024-10-17 13:44:59.002  2890-3881  MSC_LOG                 com.iflytek.voicedemo                D  JNI_IsrStatusCB
2024-10-17 13:44:59.002  2890-3881  MSC_LOG                 com.iflytek.voicedemo                D  JNI_IsrStatusCB AttachCurrentThread
2024-10-17 13:44:59.005  2890-3881  MSC_LOG                 com.iflytek.voicedemo                D  JNI_IsrStatusCB get sessionID chararray
2024-10-17 13:44:59.006  2890-3881  MSC_LOG                 com.iflytek.voicedemo                D  JNI_IsrStatusCB get param2 bytearray
2024-10-17 13:44:59.006  2890-3881  MSC_LOG                 com.iflytek.voicedemo                D  JNI_IsrStatusCB CallVoidMethod
2024-10-17 13:44:59.007  2890-3881  MscRecognizer           com.iflytek.voicedemo                D  stusCb:3,type:0
2024-10-17 13:44:59.010  2890-3881  MscSpeechLog            com.iflytek.voicedemo                D  isr recognize vadEndCall
2024-10-17 13:44:59.010  2890-3881  MscSpeechLog            com.iflytek.voicedemo                D  stopRecognize, current status is :recording usercancel : false
2024-10-17 13:44:59.011  2890-3881  MscSpeechLog            com.iflytek.voicedemo                D  curStatus=recording,setStatus=waitresult
2024-10-17 13:44:59.011  2890-3881  MscSpeechLog            com.iflytek.voicedemo                D  setStatus success=waitresult
2024-10-17 13:44:59.012  2890-3881  MSC_LOG                 com.iflytek.voicedemo                D  JNI_IsrStatusCB DetachCurrentThread
2024-10-17 13:44:59.012  2890-11700 MscSpeechLog            com.iflytek.voicedemo                D  recording stop
2024-10-17 13:44:59.015  2890-11700 MscSpeechLog            com.iflytek.voicedemo                D  IsrSession pushEndFlag
2024-10-17 13:44:59.017  2890-3881  MSC_LOG                 com.iflytek.voicedemo                D  JNI_IsrStatusCB
2024-10-17 13:44:59.017  2890-3881  MSC_LOG                 com.iflytek.voicedemo                D  JNI_IsrStatusCB AttachCurrentThread
2024-10-17 13:44:59.018  2890-3881  MSC_LOG                 com.iflytek.voicedemo                D  JNI_IsrStatusCB get sessionID chararray
2024-10-17 13:44:59.018  2890-3881  MSC_LOG                 com.iflytek.voicedemo                D  JNI_IsrStatusCB get param2 bytearray
2024-10-17 13:44:59.018  2890-3881  MSC_LOG                 com.iflytek.voicedemo                D  JNI_IsrStatusCB CallVoidMethod
2024-10-17 13:44:59.019  2890-3881  MSC_LOG                 com.iflytek.voicedemo                D  JNI_IsrStatusCB DetachCurrentThread
2024-10-17 13:44:59.071  2890-3881  MSC_LOG                 com.iflytek.voicedemo                D  JNI_IsrErrorCB
2024-10-17 13:44:59.072  2890-3881  MSC_LOG                 com.iflytek.voicedemo                D  JNI_IsrErrorCB AttachCurrentThread
2024-10-17 13:44:59.073  2890-3881  MSC_LOG                 com.iflytek.voicedemo                D  JNI_IsrErrorCB get sessionID chararray
2024-10-17 13:44:59.073  2890-3881  MSC_LOG                 com.iflytek.voicedemo                D  JNI_IsrErrorCB get detail chararray
2024-10-17 13:44:59.073  2890-3881  MSC_LOG                 com.iflytek.voicedemo                D  JNI_IsrErrorCB CallVoidMethod
2024-10-17 13:44:59.074  2890-3881  MscSpeechLog            com.iflytek.voicedemo                D  clear all message
2024-10-17 13:44:59.074  2890-3881  MscSpeechLog            com.iflytek.voicedemo                D  curStatus=waitresult,setStatus=exiting
2024-10-17 13:44:59.075  2890-3881  MscSpeechLog            com.iflytek.voicedemo                D  setStatus success=exiting
2024-10-17 13:44:59.075  2890-3881  MSC_LOG                 com.iflytek.voicedemo                D  JNI_IsrErrorCB DetachCurrentThread
2024-10-17 13:44:59.078  2890-11700 MscSpeechLog            com.iflytek.voicedemo                D  onSessionEnd
2024-10-17 13:44:59.079  2890-11700 MSC_LOG                 com.iflytek.voicedemo                D  QISRSetParam Begin
2024-10-17 13:44:59.079  2890-11700 MSC_LOG                 com.iflytek.voicedemo                D  QISRSetParam End
2024-10-17 13:44:59.081  2890-11700 MscSpeechLog            com.iflytek.voicedemo                D  sessionEnd enter 
2024-10-17 13:44:59.081  2890-11700 MSC_LOG                 com.iflytek.voicedemo                D  QISRSessionEnd Begin
2024-10-17 13:44:59.099  2890-11700 MSC_LOG                 com.iflytek.voicedemo                D  QISRSessionEnd End
2024-10-17 13:44:59.099  2890-11700 MSC_LOG                 com.iflytek.voicedemo                D  DeleteGlobalRef g_isrCbData.m_obj
2024-10-17 13:44:59.099  2890-11700 MscSpeechLog            com.iflytek.voicedemo                D  sessionEnd leavel:true time:18
2024-10-17 13:44:59.099  2890-11700 MscSpeechLog            com.iflytek.voicedemo                D  curStatus=exiting,setStatus=exited
2024-10-17 13:44:59.103  2890-11700 MscSpeechLog            com.iflytek.voicedemo                D  setStatus success=exited
2024-10-17 13:44:59.104  2890-11700 MscSpeechLog            com.iflytek.voicedemo                D  clear all message
2024-10-17 13:44:59.104  2890-11700 MscSpeechLog            com.iflytek.voicedemo                D  RecognizerListener#onEnd
2024-10-17 13:44:59.107  2890-11700 MscSpeechLog            com.iflytek.voicedemo                D  start abandon audio focus
2024-10-17 13:44:59.109  2890-11700 MscSpeechLog            com.iflytek.voicedemo                D  clear all message
2024-10-17 13:44:59.109  2890-11700 MscSpeechLog            com.iflytek.voicedemo                D  quit current Msc Handler thread
2024-10-17 13:44:59.361  2890-2890  IatDemo                 com.iflytek.voicedemo                D  onError 网络连接发生异常.(错误码:10204)
2024-10-17 13:44:59.687  2890-2965  EGL_emulation           com.iflytek.voicedemo                D  app_time_stats: avg=19.78ms min=8.33ms max=180.03ms count=51
2024-10-17 13:45:00.883  2890-2965  EGL_emulation           com.iflytek.voicedemo                D  app_time_stats: avg=238.98ms min=14.01ms max=499.83ms count=5
2024-10-17 13:45:01.786  2890-2890  ImeTracker              com.iflytek.voicedemo                I  com.iflytek.voicedemo:b69e5b9d: onRequestShow at ORIGIN_CLIENT_SHOW_SOFT_INPUT reason SHOW_SOFT_INPUT
2024-10-17 13:45:01.786  2890-2890  InputMethodManager      com.iflytek.voicedemo                D  showSoftInput() view=android.widget.EditText{e976d1 VFED..CL. .F.P..ID 35,223-1405,1018 #7f0900d6 app:id/iat_text aid=1073741824} flags=0 reason=SHOW_SOFT_INPUT
2024-10-17 13:45:01.877  2890-2890  InsetsController        com.iflytek.voicedemo                D  show(ime(), fromIme=true)
2024-10-17 13:45:02.081  2890-2890  ImeTracker              com.iflytek.voicedemo                I  com.iflytek.voicedemo:b69e5b9d: onShown
2024-10-17 13:45:02.301  2890-2965  EGL_emulation           com.iflytek.voicedemo                D  app_time_stats: avg=283.50ms min=51.96ms max=500.40ms count=5
2024-10-17 13:45:03.799  2890-2965  EGL_emulation           com.iflytek.voicedemo                D  app_time_stats: avg=499.24ms min=498.50ms max=500.45ms count=3
2024-10-17 13:45:04.786  2890-2890  WindowOnBackDispatcher  com.iflytek.voicedemo                W  sendCancelIfRunning: isInProgress=falsecallback=ImeCallback=ImeOnBackInvokedCallback@60002342 Callback=android.window.IOnBackInvokedCallback$Stub$Proxy@c3904d5
2024-10-17 13:45:04.803  2890-2965  EGL_emulation           com.iflytek.voicedemo                D  app_time_stats: avg=501.71ms min=500.04ms max=503.39ms count=2
2024-10-17 13:45:04.982  2890-2890  ImeTracker              com.iflytek.voicedemo                I  com.iflytek.voicedemo:8721e4fb: onRequestHide at ORIGIN_CLIENT_HIDE_SOFT_INPUT reason HIDE_SOFT_INPUT_BY_INSETS_API
2024-10-17 13:45:04.984  2890-2890  ImeTracker              com.iflytek.voicedemo                I  com.iflytek.voicedemo:caba1794: onHidden
2024-10-17 13:45:05.687  2890-2890  IatDemo                 com.iflytek.voicedemo                E  language = zh_cn
2024-10-17 13:45:05.687  2890-2890  IatDemo                 com.iflytek.voicedemo                E  last language:zh_cn
2024-10-17 13:45:05.690  2890-2890  MscSpeechLog            com.iflytek.voicedemo                D  start engine mode = MSC
2024-10-17 13:45:05.691  2890-2890  MscSpeechLog            com.iflytek.voicedemo                D  mSpeechTimeOut=60000
2024-10-17 13:45:05.691  2890-2890  MscSpeechLog            com.iflytek.voicedemo                D  start request music_stream focus
2024-10-17 13:45:05.691  2890-2890  AudioManager            com.iflytek.voicedemo                W  Use of stream types is deprecated for operations other than volume control
2024-10-17 13:45:05.691  2890-2890  AudioManager            com.iflytek.voicedemo                W  See the documentation of requestAudioFocus() for what to use instead with android.media.AudioAttributes to qualify your playback use case
2024-10-17 13:45:05.692  2890-2890  MscSpeechLog            com.iflytek.voicedemo                D  [isr]startListening called
2024-10-17 13:45:05.694  2890-2890  MscSpeechLog            com.iflytek.voicedemo                D  curStatus=init,setStatus=start
2024-10-17 13:45:05.694  2890-2890  MscSpeechLog            com.iflytek.voicedemo                D  setStatus success=start
2024-10-17 13:45:05.694  2890-11723 MscSpeechLog            com.iflytek.voicedemo                D  [isr]start connecting
2024-10-17 13:45:05.697  2890-11723 MscSpeechLog            com.iflytek.voicedemo                D  QISRSessionBegin begin, grammar: null
2024-10-17 13:45:05.698  2890-11723 MSC_LOG                 com.iflytek.voicedemo                D  QISRSessionBegin Begin
2024-10-17 13:45:05.699  2890-2890  MscSpeechLog            com.iflytek.voicedemo                D  stopRecognize, current status is :start usercancel : true
2024-10-17 13:45:05.699  2890-2890  MscSpeechLog            com.iflytek.voicedemo                D  curStatus=start,setStatus=waitresult
2024-10-17 13:45:05.699  2890-2890  MscSpeechLog            com.iflytek.voicedemo                D  setStatus success=waitresult
2024-10-17 13:45:05.704  2890-11723 MSC_LOG                 com.iflytek.voicedemo                D  QISRSessionBegin End
2024-10-17 13:45:05.705  2890-11723 MscSpeechLog            com.iflytek.voicedemo                D  QISRSessionBegin end: 0 time:8
2024-10-17 13:45:05.705  2890-11723 MSC_LOG                 com.iflytek.voicedemo                D  QISRRegisterNotify Begin
2024-10-17 13:45:05.705  2890-11723 MSC_LOG                 com.iflytek.voicedemo                D  QISRRegisterNotify Findclass
2024-10-17 13:45:05.705  2890-11723 MSC_LOG                 com.iflytek.voicedemo                D  QISRRegisterNotify GetstaticMethodID
2024-10-17 13:45:05.705  2890-11723 MSC_LOG                 com.iflytek.voicedemo                D  QISRRegisterNotify Get sessionID
2024-10-17 13:45:05.705  2890-11723 MSC_LOG                 com.iflytek.voicedemo                D  QISRRegisterNotify start call
2024-10-17 13:45:05.706  2890-11723 MSC_LOG                 com.iflytek.voicedemo                D  QISRRegisterNotify End
2024-10-17 13:45:05.706  2890-11723 MscSpeechLog            com.iflytek.voicedemo                D  curStatus=waitresult,setStatus=recording
2024-10-17 13:45:05.706  2890-11723 MscSpeechLog            com.iflytek.voicedemo                D  setStatus success=recording
2024-10-17 13:45:05.708  2890-2890  lytek.voicedemo         com.iflytek.voicedemo                W  type=1400 audit(0.0:123): avc:  denied  { search } for  name="net" dev="sysfs" ino=6916 scontext=u:r:untrusted_app:s0:c192,c256,c512,c768 tcontext=u:object_r:sysfs_net:s0 tclass=dir permissive=0 app=com.iflytek.voicedemo
2024-10-17 13:45:05.708  2890-2890  lytek.voicedemo         com.iflytek.voicedemo                W  type=1400 audit(0.0:124): avc:  denied  { search } for  name="net" dev="sysfs" ino=6916 scontext=u:r:untrusted_app:s0:c192,c256,c512,c768 tcontext=u:object_r:sysfs_net:s0 tclass=dir permissive=0 app=com.iflytek.voicedemo
2024-10-17 13:45:05.725  2890-3881  MSC_LOG                 com.iflytek.voicedemo                D  JNI_IsrStatusCB
2024-10-17 13:45:05.725  2890-3881  MSC_LOG                 com.iflytek.voicedemo                D  JNI_IsrStatusCB AttachCurrentThread
2024-10-17 13:45:05.725  2890-3881  MSC_LOG                 com.iflytek.voicedemo                D  JNI_IsrStatusCB get sessionID chararray
2024-10-17 13:45:05.725  2890-3881  MSC_LOG                 com.iflytek.voicedemo                D  JNI_IsrStatusCB get param2 bytearray
2024-10-17 13:45:05.725  2890-3881  MSC_LOG                 com.iflytek.voicedemo                D  JNI_IsrStatusCB CallVoidMethod
2024-10-17 13:45:05.725  2890-3881  MSC_LOG                 com.iflytek.voicedemo                D  JNI_IsrStatusCB DetachCurrentThread
2024-10-17 13:45:05.708  2890-2890  lytek.voicedemo         com.iflytek.voicedemo                W  type=1400 audit(0.0:125): avc:  denied  { search } for  name="net" dev="sysfs" ino=6916 scontext=u:r:untrusted_app:s0:c192,c256,c512,c768 tcontext=u:object_r:sysfs_net:s0 tclass=dir permissive=0 app=com.iflytek.voicedemo
2024-10-17 13:45:05.708  2890-2890  lytek.voicedemo         com.iflytek.voicedemo                W  type=1400 audit(0.0:126): avc:  denied  { search } for  name="net" dev="sysfs" ino=6916 scontext=u:r:untrusted_app:s0:c192,c256,c512,c768 tcontext=u:object_r:sysfs_net:s0 tclass=dir permissive=0 app=com.iflytek.voicedemo
2024-10-17 13:45:05.737  2890-11723 MscSpeechLog            com.iflytek.voicedemo                D  recording stop
2024-10-17 13:45:05.738  2890-11723 MscSpeechLog            com.iflytek.voicedemo                D  IsrSession pushEndFlag
2024-10-17 13:45:05.708  2890-2890  lytek.voicedemo         com.iflytek.voicedemo                W  type=1400 audit(0.0:127): avc:  denied  { search } for  name="net" dev="sysfs" ino=6916 scontext=u:r:untrusted_app:s0:c192,c256,c512,c768 tcontext=u:object_r:sysfs_net:s0 tclass=dir permissive=0 app=com.iflytek.voicedemo
2024-10-17 13:45:05.772  2890-3881  MSC_LOG                 com.iflytek.voicedemo                D  JNI_IsrStatusCB
2024-10-17 13:45:05.773  2890-3881  MSC_LOG                 com.iflytek.voicedemo                D  JNI_IsrStatusCB AttachCurrentThread
2024-10-17 13:45:05.773  2890-3881  MSC_LOG                 com.iflytek.voicedemo                D  JNI_IsrStatusCB get sessionID chararray
2024-10-17 13:45:05.773  2890-3881  MSC_LOG                 com.iflytek.voicedemo                D  JNI_IsrStatusCB get param2 bytearray
2024-10-17 13:45:05.773  2890-3881  MSC_LOG                 com.iflytek.voicedemo                D  JNI_IsrStatusCB CallVoidMethod
2024-10-17 13:45:05.773  2890-3881  MscRecognizer           com.iflytek.voicedemo                D  stusCb:3,type:0
2024-10-17 13:45:05.773  2890-3881  MscSpeechLog            com.iflytek.voicedemo                D  isr recognize vadEndCall
2024-10-17 13:45:05.774  2890-3881  MscSpeechLog            com.iflytek.voicedemo                D  stopRecognize, current status is :recording usercancel : false
2024-10-17 13:45:05.774  2890-3881  MscSpeechLog            com.iflytek.voicedemo                D  curStatus=recording,setStatus=waitresult
2024-10-17 13:45:05.774  2890-3881  MscSpeechLog            com.iflytek.voicedemo                D  setStatus success=waitresult
2024-10-17 13:45:05.774  2890-3881  MSC_LOG                 com.iflytek.voicedemo                D  JNI_IsrStatusCB DetachCurrentThread
2024-10-17 13:45:05.775  2890-11723 MscSpeechLog            com.iflytek.voicedemo                D  recording stop
2024-10-17 13:45:05.775  2890-11723 MscSpeechLog            com.iflytek.voicedemo                D  IsrSession pushEndFlag
2024-10-17 13:45:05.799  2890-3881  MSC_LOG                 com.iflytek.voicedemo                D  JNI_IsrStatusCB
2024-10-17 13:45:05.799  2890-3881  MSC_LOG                 com.iflytek.voicedemo                D  JNI_IsrStatusCB AttachCurrentThread
2024-10-17 13:45:05.799  2890-3881  MSC_LOG                 com.iflytek.voicedemo                D  JNI_IsrStatusCB get sessionID chararray
2024-10-17 13:45:05.799  2890-3881  MSC_LOG                 com.iflytek.voicedemo                D  JNI_IsrStatusCB get param2 bytearray
2024-10-17 13:45:05.799  2890-3881  MSC_LOG                 com.iflytek.voicedemo                D  JNI_IsrStatusCB CallVoidMethod
2024-10-17 13:45:05.799  2890-3881  MSC_LOG                 com.iflytek.voicedemo                D  JNI_IsrStatusCB DetachCurrentThread
2024-10-17 13:45:05.803  2890-2965  EGL_emulation           com.iflytek.voicedemo                D  app_time_stats: avg=89.28ms min=5.52ms max=495.92ms count=11
2024-10-17 13:45:05.831  2890-3881  MSC_LOG                 com.iflytek.voicedemo                D  JNI_IsrErrorCB
2024-10-17 13:45:05.831  2890-3881  MSC_LOG                 com.iflytek.voicedemo                D  JNI_IsrErrorCB AttachCurrentThread
2024-10-17 13:45:05.832  2890-3881  MSC_LOG                 com.iflytek.voicedemo                D  JNI_IsrErrorCB get sessionID chararray
2024-10-17 13:45:05.832  2890-3881  MSC_LOG                 com.iflytek.voicedemo                D  JNI_IsrErrorCB get detail chararray
2024-10-17 13:45:05.832  2890-3881  MSC_LOG                 com.iflytek.voicedemo                D  JNI_IsrErrorCB CallVoidMethod
2024-10-17 13:45:05.832  2890-3881  MscSpeechLog            com.iflytek.voicedemo                D  clear all message
2024-10-17 13:45:05.832  2890-3881  MscSpeechLog            com.iflytek.voicedemo                D  curStatus=waitresult,setStatus=exiting
2024-10-17 13:45:05.833  2890-3881  MscSpeechLog            com.iflytek.voicedemo                D  setStatus success=exiting
2024-10-17 13:45:05.833  2890-3881  MSC_LOG                 com.iflytek.voicedemo                D  JNI_IsrErrorCB DetachCurrentThread
2024-10-17 13:45:05.838  2890-11723 MscSpeechLog            com.iflytek.voicedemo                D  onSessionEnd
2024-10-17 13:45:05.839  2890-11723 MSC_LOG                 com.iflytek.voicedemo                D  QISRSetParam Begin
2024-10-17 13:45:05.839  2890-11723 MSC_LOG                 com.iflytek.voicedemo                D  QISRSetParam End
2024-10-17 13:45:05.840  2890-11723 MscSpeechLog            com.iflytek.voicedemo                D  sessionEnd enter 
2024-10-17 13:45:05.840  2890-11723 MSC_LOG                 com.iflytek.voicedemo                D  QISRSessionEnd Begin
2024-10-17 13:45:05.854  2890-11723 MSC_LOG                 com.iflytek.voicedemo                D  QISRSessionEnd End
2024-10-17 13:45:05.854  2890-11723 MSC_LOG                 com.iflytek.voicedemo                D  DeleteGlobalRef g_isrCbData.m_obj
2024-10-17 13:45:05.855  2890-11723 MscSpeechLog            com.iflytek.voicedemo                D  sessionEnd leavel:true time:14
2024-10-17 13:45:05.855  2890-11723 MscSpeechLog            com.iflytek.voicedemo                D  curStatus=exiting,setStatus=exited
2024-10-17 13:45:05.855  2890-11723 MscSpeechLog            com.iflytek.voicedemo                D  setStatus success=exited
2024-10-17 13:45:05.855  2890-11723 MscSpeechLog            com.iflytek.voicedemo                D  clear all message
2024-10-17 13:45:05.855  2890-11723 MscSpeechLog            com.iflytek.voicedemo                D  RecognizerListener#onEnd
2024-10-17 13:45:05.861  2890-11723 MscSpeechLog            com.iflytek.voicedemo                D  start abandon audio focus
2024-10-17 13:45:05.870  2890-11723 MscSpeechLog            com.iflytek.voicedemo                D  clear all message
2024-10-17 13:45:05.870  2890-11723 MscSpeechLog            com.iflytek.voicedemo                D  quit current Msc Handler thread
2024-10-17 13:45:06.142  2890-2890  IatDemo                 com.iflytek.voicedemo                D  onError 网络连接发生异常.(错误码:10204)
2024-10-17 13:45:07.204  2890-2965  EGL_emulation           com.iflytek.voicedemo                D  app_time_stats: avg=31.70ms min=11.88ms max=503.99ms count=44
2024-10-17 13:45:07.627  2890-2890  IatDemo                 com.iflytek.voicedemo                E  language = zh_cn
2024-10-17 13:45:07.627  2890-2890  IatDemo                 com.iflytek.voicedemo                E  last language:zh_cn
2024-10-17 13:45:07.630  2890-2890  MscSpeechLog            com.iflytek.voicedemo                D  start engine mode = MSC
2024-10-17 13:45:07.631  2890-2890  MscSpeechLog            com.iflytek.voicedemo                D  mSpeechTimeOut=60000
2024-10-17 13:45:07.631  2890-2890  MscSpeechLog            com.iflytek.voicedemo                D  start request music_stream focus
2024-10-17 13:45:07.631  2890-2890  AudioManager            com.iflytek.voicedemo                W  Use of stream types is deprecated for operations other than volume control
2024-10-17 13:45:07.631  2890-2890  AudioManager            com.iflytek.voicedemo                W  See the documentation of requestAudioFocus() for what to use instead with android.media.AudioAttributes to qualify your playback use case
2024-10-17 13:45:07.633  2890-2890  MscSpeechLog            com.iflytek.voicedemo                D  [isr]startListening called
2024-10-17 13:45:07.634  2890-2890  MscSpeechLog            com.iflytek.voicedemo                D  curStatus=init,setStatus=start
2024-10-17 13:45:07.634  2890-2890  MscSpeechLog            com.iflytek.voicedemo                D  setStatus success=start
2024-10-17 13:45:07.637  2890-11731 MscSpeechLog            com.iflytek.voicedemo                D  [isr]start connecting
2024-10-17 13:45:07.639  2890-2890  MscSpeechLog            com.iflytek.voicedemo                D  stopRecognize, current status is :start usercancel : true
2024-10-17 13:45:07.639  2890-2890  MscSpeechLog            com.iflytek.voicedemo                D  curStatus=start,setStatus=waitresult
2024-10-17 13:45:07.639  2890-2890  MscSpeechLog            com.iflytek.voicedemo                D  setStatus success=waitresult
2024-10-17 13:45:07.640  2890-11731 MscSpeechLog            com.iflytek.voicedemo                D  QISRSessionBegin begin, grammar: null
2024-10-17 13:45:07.641  2890-11731 MSC_LOG                 com.iflytek.voicedemo                D  QISRSessionBegin Begin
2024-10-17 13:45:07.648  2890-11731 MSC_LOG                 com.iflytek.voicedemo                D  QISRSessionBegin End
2024-10-17 13:45:07.648  2890-11731 MscSpeechLog            com.iflytek.voicedemo                D  QISRSessionBegin end: 0 time:8
2024-10-17 13:45:07.649  2890-11731 MSC_LOG                 com.iflytek.voicedemo                D  QISRRegisterNotify Begin
2024-10-17 13:45:07.649  2890-11731 MSC_LOG                 com.iflytek.voicedemo                D  QISRRegisterNotify Findclass
2024-10-17 13:45:07.649  2890-11731 MSC_LOG                 com.iflytek.voicedemo                D  QISRRegisterNotify GetstaticMethodID
2024-10-17 13:45:07.649  2890-11731 MSC_LOG                 com.iflytek.voicedemo                D  QISRRegisterNotify Get sessionID
2024-10-17 13:45:07.649  2890-11731 MSC_LOG                 com.iflytek.voicedemo                D  QISRRegisterNotify start call
2024-10-17 13:45:07.650  2890-11731 MSC_LOG                 com.iflytek.voicedemo                D  QISRRegisterNotify End
2024-10-17 13:45:07.650  2890-11731 MscSpeechLog            com.iflytek.voicedemo                D  curStatus=waitresult,setStatus=recording
2024-10-17 13:45:07.650  2890-11731 MscSpeechLog            com.iflytek.voicedemo                D  setStatus success=recording
2024-10-17 13:45:07.653  2890-3881  MSC_LOG                 com.iflytek.voicedemo                D  JNI_IsrStatusCB
2024-10-17 13:45:07.653  2890-3881  MSC_LOG                 com.iflytek.voicedemo                D  JNI_IsrStatusCB AttachCurrentThread
2024-10-17 13:45:07.657  2890-3881  MSC_LOG                 com.iflytek.voicedemo                D  JNI_IsrStatusCB get sessionID chararray
2024-10-17 13:45:07.657  2890-3881  MSC_LOG                 com.iflytek.voicedemo                D  JNI_IsrStatusCB get param2 bytearray
2024-10-17 13:45:07.658  2890-3881  MSC_LOG                 com.iflytek.voicedemo                D  JNI_IsrStatusCB CallVoidMethod
2024-10-17 13:45:07.658  2890-3881  MSC_LOG                 com.iflytek.voicedemo                D  JNI_IsrStatusCB DetachCurrentThread
2024-10-17 13:45:07.656  2890-2890  lytek.voicedemo         com.iflytek.voicedemo                W  type=1400 audit(0.0:147): avc:  denied  { search } for  name="net" dev="sysfs" ino=6916 scontext=u:r:untrusted_app:s0:c192,c256,c512,c768 tcontext=u:object_r:sysfs_net:s0 tclass=dir permissive=0 app=com.iflytek.voicedemo
2024-10-17 13:45:07.656  2890-2890  lytek.voicedemo         com.iflytek.voicedemo                W  type=1400 audit(0.0:148): avc:  denied  { search } for  name="net" dev="sysfs" ino=6916 scontext=u:r:untrusted_app:s0:c192,c256,c512,c768 tcontext=u:object_r:sysfs_net:s0 tclass=dir permissive=0 app=com.iflytek.voicedemo
2024-10-17 13:45:07.656  2890-2890  lytek.voicedemo         com.iflytek.voicedemo                W  type=1400 audit(0.0:149): avc:  denied  { search } for  name="net" dev="sysfs" ino=6916 scontext=u:r:untrusted_app:s0:c192,c256,c512,c768 tcontext=u:object_r:sysfs_net:s0 tclass=dir permissive=0 app=com.iflytek.voicedemo
2024-10-17 13:45:07.678  2890-11731 MscSpeechLog            com.iflytek.voicedemo                D  recording stop
2024-10-17 13:45:07.678  2890-11731 MscSpeechLog            com.iflytek.voicedemo                D  IsrSession pushEndFlag
2024-10-17 13:45:07.656  2890-2890  lytek.voicedemo         com.iflytek.voicedemo                W  type=1400 audit(0.0:150): avc:  denied  { search } for  name="net" dev="sysfs" ino=6916 scontext=u:r:untrusted_app:s0:c192,c256,c512,c768 tcontext=u:object_r:sysfs_net:s0 tclass=dir permissive=0 app=com.iflytek.voicedemo
2024-10-17 13:45:07.656  2890-2890  lytek.voicedemo         com.iflytek.voicedemo                W  type=1400 audit(0.0:151): avc:  denied  { search } for  name="net" dev="sysfs" ino=6916 scontext=u:r:untrusted_app:s0:c192,c256,c512,c768 tcontext=u:object_r:sysfs_net:s0 tclass=dir permissive=0 app=com.iflytek.voicedemo
2024-10-17 13:45:07.765  2890-3881  MSC_LOG                 com.iflytek.voicedemo                D  JNI_IsrStatusCB
2024-10-17 13:45:07.765  2890-3881  MSC_LOG                 com.iflytek.voicedemo                D  JNI_IsrStatusCB AttachCurrentThread
2024-10-17 13:45:07.766  2890-3881  MSC_LOG                 com.iflytek.voicedemo                D  JNI_IsrStatusCB get sessionID chararray
2024-10-17 13:45:07.766  2890-3881  MSC_LOG                 com.iflytek.voicedemo                D  JNI_IsrStatusCB get param2 bytearray
2024-10-17 13:45:07.766  2890-3881  MSC_LOG                 com.iflytek.voicedemo                D  JNI_IsrStatusCB CallVoidMethod
2024-10-17 13:45:07.766  2890-3881  MscRecognizer           com.iflytek.voicedemo                D  stusCb:3,type:0
2024-10-17 13:45:07.766  2890-3881  MscSpeechLog            com.iflytek.voicedemo                D  isr recognize vadEndCall
2024-10-17 13:45:07.766  2890-3881  MscSpeechLog            com.iflytek.voicedemo                D  stopRecognize, current status is :recording usercancel : false
2024-10-17 13:45:07.766  2890-3881  MscSpeechLog            com.iflytek.voicedemo                D  curStatus=recording,setStatus=waitresult
2024-10-17 13:45:07.766  2890-3881  MscSpeechLog            com.iflytek.voicedemo                D  setStatus success=waitresult
2024-10-17 13:45:07.766  2890-3881  MSC_LOG                 com.iflytek.voicedemo                D  JNI_IsrStatusCB DetachCurrentThread
2024-10-17 13:45:07.766  2890-11731 MscSpeechLog            com.iflytek.voicedemo                D  recording stop
2024-10-17 13:45:07.767  2890-11731 MscSpeechLog            com.iflytek.voicedemo                D  IsrSession pushEndFlag
2024-10-17 13:45:07.773  2890-3881  MSC_LOG                 com.iflytek.voicedemo                D  JNI_IsrStatusCB
2024-10-17 13:45:07.773  2890-3881  MSC_LOG                 com.iflytek.voicedemo                D  JNI_IsrStatusCB AttachCurrentThread
2024-10-17 13:45:07.773  2890-3881  MSC_LOG                 com.iflytek.voicedemo                D  JNI_IsrStatusCB get sessionID chararray
2024-10-17 13:45:07.774  2890-3881  MSC_LOG                 com.iflytek.voicedemo                D  JNI_IsrStatusCB get param2 bytearray
2024-10-17 13:45:07.774  2890-3881  MSC_LOG                 com.iflytek.voicedemo                D  JNI_IsrStatusCB CallVoidMethod
2024-10-17 13:45:07.774  2890-3881  MSC_LOG                 com.iflytek.voicedemo                D  JNI_IsrStatusCB DetachCurrentThread
2024-10-17 13:45:07.777  2890-3881  MSC_LOG                 com.iflytek.voicedemo                D  JNI_IsrErrorCB
2024-10-17 13:45:07.777  2890-3881  MSC_LOG                 com.iflytek.voicedemo                D  JNI_IsrErrorCB AttachCurrentThread
2024-10-17 13:45:07.777  2890-3881  MSC_LOG                 com.iflytek.voicedemo                D  JNI_IsrErrorCB get sessionID chararray
2024-10-17 13:45:07.777  2890-3881  MSC_LOG                 com.iflytek.voicedemo                D  JNI_IsrErrorCB get detail chararray
2024-10-17 13:45:07.777  2890-3881  MSC_LOG                 com.iflytek.voicedemo                D  JNI_IsrErrorCB CallVoidMethod
2024-10-17 13:45:07.778  2890-3881  MscSpeechLog            com.iflytek.voicedemo                D  clear all message
2024-10-17 13:45:07.778  2890-3881  MscSpeechLog            com.iflytek.voicedemo                D  curStatus=waitresult,setStatus=exiting
2024-10-17 13:45:07.778  2890-3881  MscSpeechLog            com.iflytek.voicedemo                D  setStatus success=exiting
2024-10-17 13:45:07.778  2890-3881  MSC_LOG                 com.iflytek.voicedemo                D  JNI_IsrErrorCB DetachCurrentThread
2024-10-17 13:45:07.781  2890-11731 MscSpeechLog            com.iflytek.voicedemo                D  onSessionEnd
2024-10-17 13:45:07.781  2890-11731 MSC_LOG                 com.iflytek.voicedemo                D  QISRSetParam Begin
2024-10-17 13:45:07.782  2890-11731 MSC_LOG                 com.iflytek.voicedemo                D  QISRSetParam End
2024-10-17 13:45:07.782  2890-11731 MscSpeechLog            com.iflytek.voicedemo                D  sessionEnd enter 
2024-10-17 13:45:07.782  2890-11731 MSC_LOG                 com.iflytek.voicedemo                D  QISRSessionEnd Begin
2024-10-17 13:45:07.789  2890-11731 MSC_LOG                 com.iflytek.voicedemo                D  QISRSessionEnd End
2024-10-17 13:45:07.789  2890-11731 MSC_LOG                 com.iflytek.voicedemo                D  DeleteGlobalRef g_isrCbData.m_obj
2024-10-17 13:45:07.789  2890-11731 MscSpeechLog            com.iflytek.voicedemo                D  sessionEnd leavel:true time:7
2024-10-17 13:45:07.790  2890-11731 MscSpeechLog            com.iflytek.voicedemo                D  curStatus=exiting,setStatus=exited
2024-10-17 13:45:07.790  2890-11731 MscSpeechLog            com.iflytek.voicedemo                D  setStatus success=exited
2024-10-17 13:45:07.790  2890-11731 MscSpeechLog            com.iflytek.voicedemo                D  clear all message
2024-10-17 13:45:07.794  2890-11731 MscSpeechLog            com.iflytek.voicedemo                D  RecognizerListener#onEnd
2024-10-17 13:45:07.797  2890-11731 MscSpeechLog            com.iflytek.voicedemo                D  start abandon audio focus
2024-10-17 13:45:07.800  2890-11731 MscSpeechLog            com.iflytek.voicedemo                D  clear all message
2024-10-17 13:45:07.800  2890-11731 MscSpeechLog            com.iflytek.voicedemo                D  quit current Msc Handler thread
2024-10-17 13:45:08.108  2890-2890  IatDemo                 com.iflytek.voicedemo                D  onError 网络连接发生异常.(错误码:10204)
2024-10-17 13:45:08.218  2890-2965  EGL_emulation           com.iflytek.voicedemo                D  app_time_stats: avg=25.93ms min=9.95ms max=331.27ms count=39
2024-10-17 13:45:09.650  2890-2965  EGL_emulation           com.iflytek.voicedemo                D  app_time_stats: avg=102.17ms min=15.08ms max=500.80ms count=14
2024-10-17 13:45:10.651  2890-2965  EGL_emulation           com.iflytek.voicedemo                D  app_time_stats: avg=500.20ms min=499.35ms max=501.05ms count=2
2024-10-17 13:45:12.150  2890-2965  EGL_emulation           com.iflytek.voicedemo                D  app_time_stats: avg=499.47ms min=498.29ms max=500.17ms count=3
2024-10-17 13:45:13.681  2890-2965  EGL_emulation           com.iflytek.voicedemo                D  app_time_stats: avg=510.36ms min=497.78ms max=532.55ms count=3
2024-10-17 13:45:14.850  2890-2965  EGL_emulation           com.iflytek.voicedemo                D  app_time_stats: avg=66.69ms min=9.59ms max=400.46ms count=17
2024-10-17 13:45:14.941  2890-2890  IatDemo                 com.iflytek.voicedemo                E  language = zh_cn
2024-10-17 13:45:14.941  2890-2890  IatDemo                 com.iflytek.voicedemo                E  last language:zh_cn
2024-10-17 13:45:14.945  2890-2890  MscSpeechLog            com.iflytek.voicedemo                D  start engine mode = MSC
2024-10-17 13:45:14.945  2890-2890  MscSpeechLog            com.iflytek.voicedemo                D  mSpeechTimeOut=60000
2024-10-17 13:45:14.946  2890-2890  MscSpeechLog            com.iflytek.voicedemo                D  start request music_stream focus
2024-10-17 13:45:14.946  2890-2890  AudioManager            com.iflytek.voicedemo                W  Use of stream types is deprecated for operations other than volume control
2024-10-17 13:45:14.946  2890-2890  AudioManager            com.iflytek.voicedemo                W  See the documentation of requestAudioFocus() for what to use instead with android.media.AudioAttributes to qualify your playback use case
2024-10-17 13:45:14.957  2890-2890  MscSpeechLog            com.iflytek.voicedemo                D  [isr]startListening called
2024-10-17 13:45:14.960  2890-2890  MscSpeechLog            com.iflytek.voicedemo                D  curStatus=init,setStatus=start
2024-10-17 13:45:14.960  2890-2890  MscSpeechLog            com.iflytek.voicedemo                D  setStatus success=start
2024-10-17 13:45:14.967  2890-2890  MscSpeechLog            com.iflytek.voicedemo                D  stopRecognize, current status is :start usercancel : true
2024-10-17 13:45:14.972  2890-2890  MscSpeechLog            com.iflytek.voicedemo                D  curStatus=start,setStatus=waitresult
2024-10-17 13:45:14.973  2890-2890  MscSpeechLog            com.iflytek.voicedemo                D  setStatus success=waitresult
2024-10-17 13:45:14.980  2890-11918 MscSpeechLog            com.iflytek.voicedemo                D  [isr]start connecting
2024-10-17 13:45:14.994  2890-11918 MscSpeechLog            com.iflytek.voicedemo                D  QISRSessionBegin begin, grammar: null
2024-10-17 13:45:14.995  2890-11918 MSC_LOG                 com.iflytek.voicedemo                D  QISRSessionBegin Begin
2024-10-17 13:45:15.008  2890-2890  lytek.voicedemo         com.iflytek.voicedemo                W  type=1400 audit(0.0:178): avc:  denied  { search } for  name="net" dev="sysfs" ino=6916 scontext=u:r:untrusted_app:s0:c192,c256,c512,c768 tcontext=u:object_r:sysfs_net:s0 tclass=dir permissive=0 app=com.iflytek.voicedemo
2024-10-17 13:45:15.012  2890-2890  lytek.voicedemo         com.iflytek.voicedemo                W  type=1400 audit(0.0:179): avc:  denied  { search } for  name="net" dev="sysfs" ino=6916 scontext=u:r:untrusted_app:s0:c192,c256,c512,c768 tcontext=u:object_r:sysfs_net:s0 tclass=dir permissive=0 app=com.iflytek.voicedemo
2024-10-17 13:45:15.016  2890-2890  lytek.voicedemo         com.iflytek.voicedemo                W  type=1400 audit(0.0:180): avc:  denied  { search } for  name="net" dev="sysfs" ino=6916 scontext=u:r:untrusted_app:s0:c192,c256,c512,c768 tcontext=u:object_r:sysfs_net:s0 tclass=dir permissive=0 app=com.iflytek.voicedemo
2024-10-17 13:45:15.020  2890-2890  lytek.voicedemo         com.iflytek.voicedemo                W  type=1400 audit(0.0:181): avc:  denied  { search } for  name="net" dev="sysfs" ino=6916 scontext=u:r:untrusted_app:s0:c192,c256,c512,c768 tcontext=u:object_r:sysfs_net:s0 tclass=dir permissive=0 app=com.iflytek.voicedemo
2024-10-17 13:45:15.020  2890-2890  lytek.voicedemo         com.iflytek.voicedemo                W  type=1400 audit(0.0:182): avc:  denied  { search } for  name="net" dev="sysfs" ino=6916 scontext=u:r:untrusted_app:s0:c192,c256,c512,c768 tcontext=u:object_r:sysfs_net:s0 tclass=dir permissive=0 app=com.iflytek.voicedemo
2024-10-17 13:45:15.060  2890-11918 MSC_LOG                 com.iflytek.voicedemo                D  QISRSessionBegin End
2024-10-17 13:45:15.078  2890-11918 MscSpeechLog            com.iflytek.voicedemo                D  QISRSessionBegin end: 0 time:84
2024-10-17 13:45:15.079  2890-11918 MSC_LOG                 com.iflytek.voicedemo                D  QISRRegisterNotify Begin
2024-10-17 13:45:15.080  2890-11918 MSC_LOG                 com.iflytek.voicedemo                D  QISRRegisterNotify Findclass
2024-10-17 13:45:15.118  2890-11918 MSC_LOG                 com.iflytek.voicedemo                D  QISRRegisterNotify GetstaticMethodID
2024-10-17 13:45:15.119  2890-11918 MSC_LOG                 com.iflytek.voicedemo                D  QISRRegisterNotify Get sessionID
2024-10-17 13:45:15.119  2890-11918 MSC_LOG                 com.iflytek.voicedemo                D  QISRRegisterNotify start call
2024-10-17 13:45:15.119  2890-11918 MSC_LOG                 com.iflytek.voicedemo                D  QISRRegisterNotify End
2024-10-17 13:45:15.119  2890-11918 MscSpeechLog            com.iflytek.voicedemo                D  curStatus=waitresult,setStatus=recording
2024-10-17 13:45:15.119  2890-11918 MscSpeechLog            com.iflytek.voicedemo                D  setStatus success=recording
2024-10-17 13:45:15.150  2890-3881  MSC_LOG                 com.iflytek.voicedemo                D  JNI_IsrStatusCB
2024-10-17 13:45:15.150  2890-3881  MSC_LOG                 com.iflytek.voicedemo                D  JNI_IsrStatusCB AttachCurrentThread
2024-10-17 13:45:15.151  2890-3881  MSC_LOG                 com.iflytek.voicedemo                D  JNI_IsrStatusCB get sessionID chararray
2024-10-17 13:45:15.151  2890-3881  MSC_LOG                 com.iflytek.voicedemo                D  JNI_IsrStatusCB get param2 bytearray
2024-10-17 13:45:15.151  2890-3881  MSC_LOG                 com.iflytek.voicedemo                D  JNI_IsrStatusCB CallVoidMethod
2024-10-17 13:45:15.151  2890-3881  MSC_LOG                 com.iflytek.voicedemo                D  JNI_IsrStatusCB DetachCurrentThread
2024-10-17 13:45:15.156  2890-11918 MscSpeechLog            com.iflytek.voicedemo                D  recording stop
2024-10-17 13:45:15.156  2890-11918 MscSpeechLog            com.iflytek.voicedemo                D  IsrSession pushEndFlag
2024-10-17 13:45:15.259  2890-3881  MSC_LOG                 com.iflytek.voicedemo                D  JNI_IsrErrorCB
2024-10-17 13:45:15.261  2890-3881  MSC_LOG                 com.iflytek.voicedemo                D  JNI_IsrErrorCB AttachCurrentThread
2024-10-17 13:45:15.272  2890-3881  MSC_LOG                 com.iflytek.voicedemo                D  JNI_IsrErrorCB get sessionID chararray
2024-10-17 13:45:15.273  2890-3881  MSC_LOG                 com.iflytek.voicedemo                D  JNI_IsrErrorCB get detail chararray
2024-10-17 13:45:15.273  2890-3881  MSC_LOG                 com.iflytek.voicedemo                D  JNI_IsrErrorCB CallVoidMethod
2024-10-17 13:45:15.273  2890-3881  MscSpeechLog            com.iflytek.voicedemo                D  clear all message
2024-10-17 13:45:15.273  2890-3881  MscSpeechLog            com.iflytek.voicedemo                D  curStatus=recording,setStatus=exiting
