--------- beginning of main
--------- beginning of system
---------------------------- PROCESS STARTED (2890) for package com.iflytek.voicedemo ----------------------------
2024-10-17 11:13:48.354  2890-2890  lytek.voicedemo         com.iflytek.voicedemo                I  Late-enabling -Xcheck:jni
2024-10-17 11:13:48.365  2890-2890  lytek.voicedemo         com.iflytek.voicedemo                I  Using CollectorTypeCC GC.
2024-10-17 11:13:48.365  2890-2890  lytek.voicedemo         com.iflytek.voicedemo                W  Unexpected CPU variant for x86: x86_64.
                                                                                                    Known variants: atom, sandybridge, silvermont, goldmont, goldmont-plus, tremont, kabylake, default
2024-10-17 11:13:48.390  2890-2890  ndk_translation         com.iflytek.voicedemo                I  Initialized NDK translation (aarch64), version 0.2.3
2024-10-17 11:13:48.532  2890-2890  re-initialized>         com.iflytek.voicedemo                W  type=1400 audit(0.0:15): avc:  granted  { execute } for  path="/data/data/com.iflytek.voicedemo/code_cache/startup_agents/64e88b6d-agent.so" dev="dm-40" ino=344921 scontext=u:r:untrusted_app:s0:c192,c256,c512,c768 tcontext=u:object_r:app_data_file:s0:c192,c256,c512,c768 tclass=file app=com.iflytek.voicedemo
2024-10-17 11:13:48.556  2890-2890  lytek.voicedemo         com.iflytek.voicedemo                W  DexFile /data/data/com.iflytek.voicedemo/code_cache/.studio/instruments-3e42f015.jar is in boot class path but is not in a known location
2024-10-17 11:13:48.585  2890-2890  lytek.voicedemo         com.iflytek.voicedemo                W  Redefining intrinsic method java.lang.Thread java.lang.Thread.currentThread(). This may cause the unexpected use of the original definition of java.lang.Thread java.lang.Thread.currentThread()in methods that have already been compiled.
2024-10-17 11:13:48.586  2890-2890  lytek.voicedemo         com.iflytek.voicedemo                W  Redefining intrinsic method boolean java.lang.Thread.interrupted(). This may cause the unexpected use of the original definition of boolean java.lang.Thread.interrupted()in methods that have already been compiled.
2024-10-17 11:13:48.587  2890-2890  Compatibil...geReporter com.iflytek.voicedemo                D  Compat change id reported: 171979766; UID 10192; state: ENABLED
2024-10-17 11:13:48.588  2890-2890  Compatibil...geReporter com.iflytek.voicedemo                D  Compat change id reported: 242716250; UID 10192; state: ENABLED
2024-10-17 11:13:48.595  2890-2890  ziparchive              com.iflytek.voicedemo                W  Unable to open '/data/app/~~-a9RjX95S0Y8bQv60lJPsg==/com.iflytek.voicedemo-yuFhCYpMG3XYRZZPJptTWw==/base.dm': No such file or directory
2024-10-17 11:13:48.595  2890-2890  ziparchive              com.iflytek.voicedemo                W  Unable to open '/data/app/~~-a9RjX95S0Y8bQv60lJPsg==/com.iflytek.voicedemo-yuFhCYpMG3XYRZZPJptTWw==/base.dm': No such file or directory
2024-10-17 11:13:48.688  2890-2890  nativeloader            com.iflytek.voicedemo                D  Configuring clns-6 for other apk /data/app/~~-a9RjX95S0Y8bQv60lJPsg==/com.iflytek.voicedemo-yuFhCYpMG3XYRZZPJptTWw==/base.apk. target_sdk_version=34, uses_libraries=, library_path=/data/app/~~-a9RjX95S0Y8bQv60lJPsg==/com.iflytek.voicedemo-yuFhCYpMG3XYRZZPJptTWw==/lib/arm64:/data/app/~~-a9RjX95S0Y8bQv60lJPsg==/com.iflytek.voicedemo-yuFhCYpMG3XYRZZPJptTWw==/base.apk!/lib/arm64-v8a, permitted_path=/data:/mnt/expand:/data/user/0/com.iflytek.voicedemo
2024-10-17 11:13:48.735  2890-2890  GraphicsEnvironment     com.iflytek.voicedemo                V  Currently set values for:
2024-10-17 11:13:48.735  2890-2890  GraphicsEnvironment     com.iflytek.voicedemo                V    angle_gl_driver_selection_pkgs=[]
2024-10-17 11:13:48.735  2890-2890  GraphicsEnvironment     com.iflytek.voicedemo                V    angle_gl_driver_selection_values=[]
2024-10-17 11:13:48.736  2890-2890  GraphicsEnvironment     com.iflytek.voicedemo                V  ANGLE GameManagerService for com.iflytek.voicedemo: false
2024-10-17 11:13:48.736  2890-2890  GraphicsEnvironment     com.iflytek.voicedemo                V  com.iflytek.voicedemo is not listed in per-application setting
2024-10-17 11:13:48.736  2890-2890  GraphicsEnvironment     com.iflytek.voicedemo                V  Neither updatable production driver nor prerelease driver is supported.
2024-10-17 11:13:48.878  2890-2969  libEGL                  com.iflytek.voicedemo                D  loaded /vendor/lib64/egl/libEGL_emulation.so
2024-10-17 11:13:48.897  2890-2969  libEGL                  com.iflytek.voicedemo                D  loaded /vendor/lib64/egl/libGLESv1_CM_emulation.so
2024-10-17 11:13:48.900  2890-2969  libEGL                  com.iflytek.voicedemo                D  loaded /vendor/lib64/egl/libGLESv2_emulation.so
2024-10-17 11:13:48.905  2890-2890  AppCompatDelegate       com.iflytek.voicedemo                D  Checking for metadata for AppLocalesMetadataHolderService : Service not found
2024-10-17 11:13:49.144  2890-2890  lytek.voicedemo         com.iflytek.voicedemo                W  Accessing hidden method Landroid/view/View;->computeFitSystemWindows(Landroid/graphics/Rect;Landroid/graphics/Rect;)Z (unsupported, reflection, allowed)
2024-10-17 11:13:49.144  2890-2890  lytek.voicedemo         com.iflytek.voicedemo                W  Accessing hidden method Landroid/view/ViewGroup;->makeOptionalFitsSystemWindows()V (unsupported, reflection, allowed)
2024-10-17 11:13:49.161  2890-2890  Compatibil...geReporter com.iflytek.voicedemo                D  Compat change id reported: 210923482; UID 10192; state: ENABLED
2024-10-17 11:13:49.185  2890-2890  Compatibil...geReporter com.iflytek.voicedemo                D  Compat change id reported: 171228096; UID 10192; state: ENABLED
2024-10-17 11:13:49.248  2890-2890  Compatibil...geReporter com.iflytek.voicedemo                D  Compat change id reported: 237531167; UID 10192; state: DISABLED
2024-10-17 11:13:49.249  2890-2890  OpenGLRenderer          com.iflytek.voicedemo                W  Unknown dataspace 0
2024-10-17 11:13:49.428  2890-2965  OpenGLRenderer          com.iflytek.voicedemo                W  Failed to choose config with EGL_SWAP_BEHAVIOR_PRESERVED, retrying without...
2024-10-17 11:13:49.429  2890-2965  OpenGLRenderer          com.iflytek.voicedemo                W  Failed to initialize 101010-2 format, error = EGL_SUCCESS
2024-10-17 11:13:49.469  2890-2965  Gralloc4                com.iflytek.voicedemo                I  mapper 4.x is not supported
2024-10-17 11:13:49.548  2890-2965  OpenGLRenderer          com.iflytek.voicedemo                E  Unable to match the desired swap behavior.
2024-10-17 11:13:50.882  2890-2965  EGL_emulation           com.iflytek.voicedemo                D  app_time_stats: avg=137.37ms min=1.87ms max=1081.04ms count=9
2024-10-17 11:13:54.006  2890-2965  EGL_emulation           com.iflytek.voicedemo                D  app_time_stats: avg=183.60ms min=11.86ms max=2855.80ms count=17
2024-10-17 11:13:54.049  2890-2890  MscSpeechLog            com.iflytek.voicedemo                D  process name:com.iflytek.voicedemo
2024-10-17 11:13:54.050  2890-2890  MscSpeechLog            com.iflytek.voicedemo                D  process name:com.iflytek.voicedemois own process
2024-10-17 11:13:54.093  2890-2890  MscSpeechLog            com.iflytek.voicedemo                D  loadLibrary msc success
2024-10-17 11:13:54.094  2890-2890  MscSpeechLog            com.iflytek.voicedemo                D  SpeechUtility start login
2024-10-17 11:13:54.119  2890-2890  MSC_LOG                 com.iflytek.voicedemo                D  QMSPGetVersion Begin
2024-10-17 11:13:54.122  2890-2890  MSC_LOG                 com.iflytek.voicedemo                D  QMSPGetVersion End
2024-10-17 11:13:54.122  2890-2890  MscSpeechLog            com.iflytek.voicedemo                D  get msc full version name: 5.0.44.1291
2024-10-17 11:13:54.128  2890-2890  MscSpeechLog            com.iflytek.voicedemo                D  create file:.2F6E2C5B63F0F83B
2024-10-17 11:13:54.161  2890-2890  MSC_LOG                 com.iflytek.voicedemo                D  QMSPLogin Begin
2024-10-17 11:13:54.257  2890-2890  MSC_LOG                 com.iflytek.voicedemo                D  QMSPLogin End
2024-10-17 11:13:54.257  2890-2890  MscSpeechLog            com.iflytek.voicedemo                D  [MSPLogin]ret:0
2024-10-17 11:13:54.262  2890-2890  MscSpeechLog            com.iflytek.voicedemo                D  DC init enable=null
2024-10-17 11:13:54.293  2890-3887  ProfileInstaller        com.iflytek.voicedemo                D  Installing profile for com.iflytek.voicedemo
2024-10-17 11:13:54.373  2890-2890  MscSpeechLog            com.iflytek.voicedemo                D  MSC ifly ver: true
2024-10-17 11:13:54.542  2890-2965  OpenGLRenderer          com.iflytek.voicedemo                E  Unable to match the desired swap behavior.
2024-10-17 11:13:54.628  2890-2890  IatDemo                 com.iflytek.voicedemo                D  SpeechRecognizer init() code = 0
2024-10-17 11:13:56.219  2890-2965  EGL_emulation           com.iflytek.voicedemo                D  app_time_stats: avg=111.63ms min=6.66ms max=1234.59ms count=14
2024-10-17 11:13:56.309  2890-2890  IatDemo                 com.iflytek.voicedemo                E  language = zh_cn
2024-10-17 11:13:56.309  2890-2890  IatDemo                 com.iflytek.voicedemo                E  last language:zh_cn
2024-10-17 11:13:56.320  2890-2890  MscSpeechLog            com.iflytek.voicedemo                D  startRecognizing
2024-10-17 11:13:56.321  2890-2890  MscSpeechLog            com.iflytek.voicedemo                D  start engine mode = MSC
2024-10-17 11:13:56.323  2890-2890  MscSpeechLog            com.iflytek.voicedemo                D  mSpeechTimeOut=60000
2024-10-17 11:13:56.323  2890-2890  MscSpeechLog            com.iflytek.voicedemo                D  start request music_stream focus
2024-10-17 11:13:56.323  2890-2890  AudioManager            com.iflytek.voicedemo                W  Use of stream types is deprecated for operations other than volume control
2024-10-17 11:13:56.323  2890-2890  AudioManager            com.iflytek.voicedemo                W  See the documentation of requestAudioFocus() for what to use instead with android.media.AudioAttributes to qualify your playback use case
2024-10-17 11:13:56.328  2890-2890  MscSpeechLog            com.iflytek.voicedemo                D  [isr]startListening called
2024-10-17 11:13:56.336  2890-2890  MscSpeechLog            com.iflytek.voicedemo                D  curStatus=init,setStatus=start
2024-10-17 11:13:56.336  2890-2890  MscSpeechLog            com.iflytek.voicedemo                D  setStatus success=start
2024-10-17 11:13:56.339  2890-4139  MscSpeechLog            com.iflytek.voicedemo                D  [isr]start connecting
2024-10-17 11:13:56.341  2890-4139  MscSpeechLog            com.iflytek.voicedemo                D  [isr]start  record
2024-10-17 11:13:56.342  2890-4139  MscSpeechLog            com.iflytek.voicedemo                D  onBeginOfSpeech
2024-10-17 11:13:56.343  2890-4139  MscSpeechLog            com.iflytek.voicedemo                D  QISRSessionBegin begin, grammar: null
2024-10-17 11:13:56.344  2890-4139  MSC_LOG                 com.iflytek.voicedemo                D  QISRSessionBegin Begin
2024-10-17 11:13:56.353  2890-2890  Compatibil...geReporter com.iflytek.voicedemo                D  Compat change id reported: 147798919; UID 10192; state: ENABLED
2024-10-17 11:13:56.370  2890-4140  MscSpeechLog            com.iflytek.voicedemo                D  SampleRate:16000
                                                                                                    Channel:2
                                                                                                    Format:2
                                                                                                    FramePeriod:640
                                                                                                    BufferSize:5120
                                                                                                    MinBufferSize:1024
                                                                                                    ActualBufferSize:1280
2024-10-17 11:13:56.380  2890-2890  lytek.voicedemo         com.iflytek.voicedemo                W  type=1400 audit(0.0:17): avc:  denied  { search } for  name="net" dev="sysfs" ino=6916 scontext=u:r:untrusted_app:s0:c192,c256,c512,c768 tcontext=u:object_r:sysfs_net:s0 tclass=dir permissive=0 app=com.iflytek.voicedemo
2024-10-17 11:13:56.384  2890-2890  lytek.voicedemo         com.iflytek.voicedemo                W  type=1400 audit(0.0:18): avc:  denied  { search } for  name="net" dev="sysfs" ino=6916 scontext=u:r:untrusted_app:s0:c192,c256,c512,c768 tcontext=u:object_r:sysfs_net:s0 tclass=dir permissive=0 app=com.iflytek.voicedemo
2024-10-17 11:13:56.388  2890-2890  lytek.voicedemo         com.iflytek.voicedemo                W  type=1400 audit(0.0:19): avc:  denied  { search } for  name="net" dev="sysfs" ino=6916 scontext=u:r:untrusted_app:s0:c192,c256,c512,c768 tcontext=u:object_r:sysfs_net:s0 tclass=dir permissive=0 app=com.iflytek.voicedemo
2024-10-17 11:13:56.388  2890-2890  lytek.voicedemo         com.iflytek.voicedemo                W  type=1400 audit(0.0:20): avc:  denied  { search } for  name="net" dev="sysfs" ino=6916 scontext=u:r:untrusted_app:s0:c192,c256,c512,c768 tcontext=u:object_r:sysfs_net:s0 tclass=dir permissive=0 app=com.iflytek.voicedemo
2024-10-17 11:13:56.392  2890-2890  lytek.voicedemo         com.iflytek.voicedemo                W  type=1400 audit(0.0:21): avc:  denied  { search } for  name="net" dev="sysfs" ino=6916 scontext=u:r:untrusted_app:s0:c192,c256,c512,c768 tcontext=u:object_r:sysfs_net:s0 tclass=dir permissive=0 app=com.iflytek.voicedemo
2024-10-17 11:13:56.404  2890-2965  OpenGLRenderer          com.iflytek.voicedemo                E  Unable to match the desired swap behavior.
2024-10-17 11:13:56.516  2890-4139  MSC_LOG                 com.iflytek.voicedemo                D  QISRSessionBegin End
2024-10-17 11:13:56.519  2890-4139  MscSpeechLog            com.iflytek.voicedemo                D  QISRSessionBegin end: 0 time:176
2024-10-17 11:13:56.524  2890-4139  MSC_LOG                 com.iflytek.voicedemo                D  QISRRegisterNotify Begin
2024-10-17 11:13:56.524  2890-4139  MSC_LOG                 com.iflytek.voicedemo                D  QISRRegisterNotify Findclass
2024-10-17 11:13:56.524  2890-4139  MSC_LOG                 com.iflytek.voicedemo                D  QISRRegisterNotify GetstaticMethodID
2024-10-17 11:13:56.525  2890-4139  MSC_LOG                 com.iflytek.voicedemo                D  QISRRegisterNotify Get sessionID
2024-10-17 11:13:56.525  2890-4139  MSC_LOG                 com.iflytek.voicedemo                D  QISRRegisterNotify start call
2024-10-17 11:13:56.525  2890-4139  MSC_LOG                 com.iflytek.voicedemo                D  QISRRegisterNotify End
2024-10-17 11:13:56.594  2890-4139  MscSpeechLog            com.iflytek.voicedemo                D  curStatus=start,setStatus=recording
2024-10-17 11:13:56.594  2890-4139  MscSpeechLog            com.iflytek.voicedemo                D  setStatus success=recording
2024-10-17 11:13:56.681  2890-3882  MSC_LOG                 com.iflytek.voicedemo                D  JNI_IsrStatusCB
2024-10-17 11:13:56.681  2890-3882  MSC_LOG                 com.iflytek.voicedemo                D  JNI_IsrStatusCB AttachCurrentThread
2024-10-17 11:13:56.682  2890-3882  MSC_LOG                 com.iflytek.voicedemo                D  JNI_IsrStatusCB get sessionID chararray
2024-10-17 11:13:56.682  2890-3882  MSC_LOG                 com.iflytek.voicedemo                D  JNI_IsrStatusCB get param2 bytearray
2024-10-17 11:13:56.682  2890-3882  MSC_LOG                 com.iflytek.voicedemo                D  JNI_IsrStatusCB CallVoidMethod
2024-10-17 11:13:56.682  2890-3882  MSC_LOG                 com.iflytek.voicedemo                D  JNI_IsrStatusCB DetachCurrentThread
2024-10-17 11:13:56.821  2890-3882  MSC_LOG                 com.iflytek.voicedemo                D  JNI_IsrErrorCB
2024-10-17 11:13:56.821  2890-3882  MSC_LOG                 com.iflytek.voicedemo                D  JNI_IsrErrorCB AttachCurrentThread
2024-10-17 11:13:56.821  2890-3882  MSC_LOG                 com.iflytek.voicedemo                D  JNI_IsrErrorCB get sessionID chararray
2024-10-17 11:13:56.821  2890-3882  MSC_LOG                 com.iflytek.voicedemo                D  JNI_IsrErrorCB get detail chararray
2024-10-17 11:13:56.821  2890-3882  MSC_LOG                 com.iflytek.voicedemo                D  JNI_IsrErrorCB CallVoidMethod
2024-10-17 11:13:56.822  2890-3882  MscSpeechLog            com.iflytek.voicedemo                D  clear all message
2024-10-17 11:13:56.822  2890-3882  MscSpeechLog            com.iflytek.voicedemo                D  curStatus=recording,setStatus=exiting
2024-10-17 11:13:56.822  2890-3882  MscSpeechLog            com.iflytek.voicedemo                D  setStatus success=exiting
2024-10-17 11:13:56.822  2890-3882  MSC_LOG                 com.iflytek.voicedemo                D  JNI_IsrErrorCB DetachCurrentThread
2024-10-17 11:13:56.822  2890-4139  MscSpeechLog            com.iflytek.voicedemo                D  onSessionEnd
2024-10-17 11:13:56.822  2890-4139  MscSpeechLog            com.iflytek.voicedemo                D  stop record
2024-10-17 11:13:56.822  2890-4139  MSC_LOG                 com.iflytek.voicedemo                D  QISRSetParam Begin
2024-10-17 11:13:56.823  2890-4139  MSC_LOG                 com.iflytek.voicedemo                D  QISRSetParam End
2024-10-17 11:13:56.823  2890-4139  MscSpeechLog            com.iflytek.voicedemo                D  sessionEnd enter 
2024-10-17 11:13:56.823  2890-4139  MSC_LOG                 com.iflytek.voicedemo                D  QISRSessionEnd Begin
2024-10-17 11:13:56.827  2890-4139  MSC_LOG                 com.iflytek.voicedemo                D  QISRSessionEnd End
2024-10-17 11:13:56.827  2890-4139  MSC_LOG                 com.iflytek.voicedemo                D  DeleteGlobalRef g_isrCbData.m_obj
2024-10-17 11:13:56.827  2890-4139  MscSpeechLog            com.iflytek.voicedemo                D  sessionEnd leavel:true time:4
2024-10-17 11:13:56.827  2890-4139  MscSpeechLog            com.iflytek.voicedemo                D  curStatus=exiting,setStatus=exited
2024-10-17 11:13:56.827  2890-4139  MscSpeechLog            com.iflytek.voicedemo                D  setStatus success=exited
2024-10-17 11:13:56.827  2890-4139  MscSpeechLog            com.iflytek.voicedemo                D  clear all message
2024-10-17 11:13:56.827  2890-4139  MscSpeechLog            com.iflytek.voicedemo                D  RecognizerListener#onEnd
2024-10-17 11:13:56.836  2890-4139  MscSpeechLog            com.iflytek.voicedemo                D  start abandon audio focus
2024-10-17 11:13:56.839  2890-4139  MscSpeechLog            com.iflytek.voicedemo                D  clear all message
2024-10-17 11:13:56.839  2890-4139  MscSpeechLog            com.iflytek.voicedemo                D  quit current Msc Handler thread
2024-10-17 11:13:56.861  2890-4140  MscSpeechLog            com.iflytek.voicedemo                D  release record begin
2024-10-17 11:13:56.884  2890-4140  MscSpeechLog            com.iflytek.voicedemo                D  release record over
2024-10-17 11:14:17.334  2890-2905  MscSpeechLog            com.iflytek.voicedemo                D  [finalize] release recoder
2024-10-17 11:38:04.563  2890-2890  MscSpeechLog            com.iflytek.voicedemo                D  startRecognizing
2024-10-17 11:38:04.563  2890-2890  MscSpeechLog            com.iflytek.voicedemo                D  start engine mode = MSC
2024-10-17 11:38:04.564  2890-2890  MscSpeechLog            com.iflytek.voicedemo                D  mSpeechTimeOut=60000
2024-10-17 11:38:04.564  2890-2890  MscSpeechLog            com.iflytek.voicedemo                D  start request music_stream focus
2024-10-17 11:38:04.564  2890-2890  AudioManager            com.iflytek.voicedemo                W  Use of stream types is deprecated for operations other than volume control
2024-10-17 11:38:04.564  2890-2890  AudioManager            com.iflytek.voicedemo                W  See the documentation of requestAudioFocus() for what to use instead with android.media.AudioAttributes to qualify your playback use case
2024-10-17 11:38:04.566  2890-2890  MscSpeechLog            com.iflytek.voicedemo                D  [isr]startListening called
2024-10-17 11:38:04.567  2890-2890  MscSpeechLog            com.iflytek.voicedemo                D  curStatus=init,setStatus=start
2024-10-17 11:38:04.567  2890-2890  MscSpeechLog            com.iflytek.voicedemo                D  setStatus success=start
2024-10-17 11:38:04.568  2890-6020  MscSpeechLog            com.iflytek.voicedemo                D  [isr]start connecting
2024-10-17 11:38:04.570  2890-6020  MscSpeechLog            com.iflytek.voicedemo                D  [isr]start  record
2024-10-17 11:38:04.571  2890-6020  MscSpeechLog            com.iflytek.voicedemo                D  onBeginOfSpeech
2024-10-17 11:38:04.571  2890-6020  MscSpeechLog            com.iflytek.voicedemo                D  QISRSessionBegin begin, grammar: null
2024-10-17 11:38:04.572  2890-6020  MSC_LOG                 com.iflytek.voicedemo                D  QISRSessionBegin Begin
2024-10-17 11:38:04.577  2890-6020  MSC_LOG                 com.iflytek.voicedemo                D  QISRSessionBegin End
2024-10-17 11:38:04.577  2890-6020  MscSpeechLog            com.iflytek.voicedemo                D  QISRSessionBegin end: 0 time:6
2024-10-17 11:38:04.577  2890-6020  MSC_LOG                 com.iflytek.voicedemo                D  QISRRegisterNotify Begin
2024-10-17 11:38:04.577  2890-6020  MSC_LOG                 com.iflytek.voicedemo                D  QISRRegisterNotify Findclass
2024-10-17 11:38:04.577  2890-6020  MSC_LOG                 com.iflytek.voicedemo                D  QISRRegisterNotify GetstaticMethodID
2024-10-17 11:38:04.577  2890-6020  MSC_LOG                 com.iflytek.voicedemo                D  QISRRegisterNotify Get sessionID
2024-10-17 11:38:04.578  2890-6020  MSC_LOG                 com.iflytek.voicedemo                D  QISRRegisterNotify start call
2024-10-17 11:38:04.578  2890-6020  MSC_LOG                 com.iflytek.voicedemo                D  QISRRegisterNotify End
2024-10-17 11:38:04.579  2890-6020  MscSpeechLog            com.iflytek.voicedemo                D  curStatus=start,setStatus=recording
2024-10-17 11:38:04.579  2890-6020  MscSpeechLog            com.iflytek.voicedemo                D  setStatus success=recording
2024-10-17 11:38:04.584  2890-6022  MscSpeechLog            com.iflytek.voicedemo                D  SampleRate:16000
                                                                                                    Channel:2
                                                                                                    Format:2
                                                                                                    FramePeriod:640
                                                                                                    BufferSize:5120
                                                                                                    MinBufferSize:1024
                                                                                                    ActualBufferSize:1280
2024-10-17 11:38:04.592  2890-2965  EGL_emulation           com.iflytek.voicedemo                D  app_time_stats: avg=160888.78ms min=15.69ms max=1447731.38ms count=9
2024-10-17 11:38:04.592  2890-2890  lytek.voicedemo         com.iflytek.voicedemo                W  type=1400 audit(0.0:47): avc:  denied  { search } for  name="net" dev="sysfs" ino=6916 scontext=u:r:untrusted_app:s0:c192,c256,c512,c768 tcontext=u:object_r:sysfs_net:s0 tclass=dir permissive=0 app=com.iflytek.voicedemo
2024-10-17 11:38:04.592  2890-2890  lytek.voicedemo         com.iflytek.voicedemo                W  type=1400 audit(0.0:48): avc:  denied  { search } for  name="net" dev="sysfs" ino=6916 scontext=u:r:untrusted_app:s0:c192,c256,c512,c768 tcontext=u:object_r:sysfs_net:s0 tclass=dir permissive=0 app=com.iflytek.voicedemo
2024-10-17 11:38:04.592  2890-2890  lytek.voicedemo         com.iflytek.voicedemo                W  type=1400 audit(0.0:49): avc:  denied  { search } for  name="net" dev="sysfs" ino=6916 scontext=u:r:untrusted_app:s0:c192,c256,c512,c768 tcontext=u:object_r:sysfs_net:s0 tclass=dir permissive=0 app=com.iflytek.voicedemo
2024-10-17 11:38:04.707  2890-3881  MSC_LOG                 com.iflytek.voicedemo                D  JNI_IsrStatusCB
2024-10-17 11:38:04.707  2890-3881  MSC_LOG                 com.iflytek.voicedemo                D  JNI_IsrStatusCB AttachCurrentThread
2024-10-17 11:38:04.707  2890-3881  MSC_LOG                 com.iflytek.voicedemo                D  JNI_IsrStatusCB get sessionID chararray
2024-10-17 11:38:04.707  2890-3881  MSC_LOG                 com.iflytek.voicedemo                D  JNI_IsrStatusCB get param2 bytearray
2024-10-17 11:38:04.707  2890-3881  MSC_LOG                 com.iflytek.voicedemo                D  JNI_IsrStatusCB CallVoidMethod
2024-10-17 11:38:04.707  2890-3881  MSC_LOG                 com.iflytek.voicedemo                D  JNI_IsrStatusCB DetachCurrentThread
2024-10-17 11:38:04.592  2890-2890  lytek.voicedemo         com.iflytek.voicedemo                W  type=1400 audit(0.0:50): avc:  denied  { search } for  name="net" dev="sysfs" ino=6916 scontext=u:r:untrusted_app:s0:c192,c256,c512,c768 tcontext=u:object_r:sysfs_net:s0 tclass=dir permissive=0 app=com.iflytek.voicedemo
2024-10-17 11:38:04.592  2890-2890  lytek.voicedemo         com.iflytek.voicedemo                W  type=1400 audit(0.0:51): avc:  denied  { search } for  name="net" dev="sysfs" ino=6916 scontext=u:r:untrusted_app:s0:c192,c256,c512,c768 tcontext=u:object_r:sysfs_net:s0 tclass=dir permissive=0 app=com.iflytek.voicedemo
2024-10-17 11:38:04.592  2890-2890  lytek.voicedemo         com.iflytek.voicedemo                W  type=1400 audit(0.0:52): avc:  denied  { search } for  name="net" dev="sysfs" ino=6916 scontext=u:r:untrusted_app:s0:c192,c256,c512,c768 tcontext=u:object_r:sysfs_net:s0 tclass=dir permissive=0 app=com.iflytek.voicedemo
2024-10-17 11:38:04.592  2890-2890  lytek.voicedemo         com.iflytek.voicedemo                W  type=1400 audit(0.0:53): avc:  denied  { search } for  name="net" dev="sysfs" ino=6916 scontext=u:r:untrusted_app:s0:c192,c256,c512,c768 tcontext=u:object_r:sysfs_net:s0 tclass=dir permissive=0 app=com.iflytek.voicedemo
2024-10-17 11:38:04.592  2890-2890  lytek.voicedemo         com.iflytek.voicedemo                W  type=1400 audit(0.0:54): avc:  denied  { search } for  name="net" dev="sysfs" ino=6916 scontext=u:r:untrusted_app:s0:c192,c256,c512,c768 tcontext=u:object_r:sysfs_net:s0 tclass=dir permissive=0 app=com.iflytek.voicedemo
2024-10-17 11:38:04.592  2890-2890  lytek.voicedemo         com.iflytek.voicedemo                W  type=1400 audit(0.0:55): avc:  denied  { search } for  name="net" dev="sysfs" ino=6916 scontext=u:r:untrusted_app:s0:c192,c256,c512,c768 tcontext=u:object_r:sysfs_net:s0 tclass=dir permissive=0 app=com.iflytek.voicedemo
2024-10-17 11:38:04.786  2890-3881  MSC_LOG                 com.iflytek.voicedemo                D  JNI_IsrErrorCB
2024-10-17 11:38:04.786  2890-3881  MSC_LOG                 com.iflytek.voicedemo                D  JNI_IsrErrorCB AttachCurrentThread
2024-10-17 11:38:04.786  2890-3881  MSC_LOG                 com.iflytek.voicedemo                D  JNI_IsrErrorCB get sessionID chararray
2024-10-17 11:38:04.786  2890-3881  MSC_LOG                 com.iflytek.voicedemo                D  JNI_IsrErrorCB get detail chararray
2024-10-17 11:38:04.786  2890-3881  MSC_LOG                 com.iflytek.voicedemo                D  JNI_IsrErrorCB CallVoidMethod
2024-10-17 11:38:04.786  2890-3881  MscSpeechLog            com.iflytek.voicedemo                D  clear all message
2024-10-17 11:38:04.787  2890-3881  MscSpeechLog            com.iflytek.voicedemo                D  curStatus=recording,setStatus=exiting
2024-10-17 11:38:04.787  2890-3881  MscSpeechLog            com.iflytek.voicedemo                D  setStatus success=exiting
2024-10-17 11:38:04.787  2890-3881  MSC_LOG                 com.iflytek.voicedemo                D  JNI_IsrErrorCB DetachCurrentThread
2024-10-17 11:38:04.787  2890-6020  MscSpeechLog            com.iflytek.voicedemo                D  onSessionEnd
2024-10-17 11:38:04.787  2890-6020  MscSpeechLog            com.iflytek.voicedemo                D  stop record
2024-10-17 11:38:04.787  2890-6020  MSC_LOG                 com.iflytek.voicedemo                D  QISRSetParam Begin
2024-10-17 11:38:04.788  2890-6020  MSC_LOG                 com.iflytek.voicedemo                D  QISRSetParam End
2024-10-17 11:38:04.788  2890-6020  MscSpeechLog            com.iflytek.voicedemo                D  sessionEnd enter 
2024-10-17 11:38:04.788  2890-6020  MSC_LOG                 com.iflytek.voicedemo                D  QISRSessionEnd Begin
2024-10-17 11:38:04.791  2890-6020  MSC_LOG                 com.iflytek.voicedemo                D  QISRSessionEnd End
2024-10-17 11:38:04.791  2890-6020  MSC_LOG                 com.iflytek.voicedemo                D  DeleteGlobalRef g_isrCbData.m_obj
2024-10-17 11:38:04.792  2890-6020  MscSpeechLog            com.iflytek.voicedemo                D  sessionEnd leavel:true time:4
2024-10-17 11:38:04.792  2890-6020  MscSpeechLog            com.iflytek.voicedemo                D  curStatus=exiting,setStatus=exited
2024-10-17 11:38:04.793  2890-6020  MscSpeechLog            com.iflytek.voicedemo                D  setStatus success=exited
2024-10-17 11:38:04.793  2890-6020  MscSpeechLog            com.iflytek.voicedemo                D  clear all message
2024-10-17 11:38:04.793  2890-6020  MscSpeechLog            com.iflytek.voicedemo                D  RecognizerListener#onEnd
2024-10-17 11:38:04.795  2890-6020  MscSpeechLog            com.iflytek.voicedemo                D  start abandon audio focus
2024-10-17 11:38:04.797  2890-6020  MscSpeechLog            com.iflytek.voicedemo                D  clear all message
2024-10-17 11:38:04.797  2890-6020  MscSpeechLog            com.iflytek.voicedemo                D  quit current Msc Handler thread
2024-10-17 11:38:04.804  2890-6022  MscSpeechLog            com.iflytek.voicedemo                D  release record begin
2024-10-17 11:38:04.827  2890-6022  MscSpeechLog            com.iflytek.voicedemo                D  release record over
2024-10-17 11:38:04.988  2890-2890  WindowOnBackDispatcher  com.iflytek.voicedemo                W  sendCancelIfRunning: isInProgress=falsecallback=android.view.ViewRootImpl$$ExternalSyntheticLambda17@353f6b4
2024-10-17 11:38:04.997  2890-2890  InputEventReceiver      com.iflytek.voicedemo                W  Attempted to finish an input event but the input event receiver has already been disposed.
2024-10-17 11:38:05.037  2890-2965  EGL_emulation           com.iflytek.voicedemo                D  app_time_stats: avg=34495.49ms min=5.09ms max=1447954.50ms count=42
2024-10-17 11:46:52.458  2890-2965  EGL_emulation           com.iflytek.voicedemo                D  app_time_stats: avg=75344.33ms min=14.83ms max=527313.69ms count=7
2024-10-17 11:46:52.526  2890-2890  IatDemo                 com.iflytek.voicedemo                E  language = zh_cn
2024-10-17 11:46:52.526  2890-2890  IatDemo                 com.iflytek.voicedemo                E  last language:zh_cn
2024-10-17 11:46:52.530  2890-2890  MscSpeechLog            com.iflytek.voicedemo                D  startRecognizing
2024-10-17 11:46:52.530  2890-2890  MscSpeechLog            com.iflytek.voicedemo                D  start engine mode = MSC
2024-10-17 11:46:52.531  2890-2890  MscSpeechLog            com.iflytek.voicedemo                D  mSpeechTimeOut=60000
2024-10-17 11:46:52.531  2890-2890  MscSpeechLog            com.iflytek.voicedemo                D  start request music_stream focus
2024-10-17 11:46:52.531  2890-2890  AudioManager            com.iflytek.voicedemo                W  Use of stream types is deprecated for operations other than volume control
2024-10-17 11:46:52.531  2890-2890  AudioManager            com.iflytek.voicedemo                W  See the documentation of requestAudioFocus() for what to use instead with android.media.AudioAttributes to qualify your playback use case
2024-10-17 11:46:52.534  2890-2890  MscSpeechLog            com.iflytek.voicedemo                D  [isr]startListening called
2024-10-17 11:46:52.536  2890-2890  MscSpeechLog            com.iflytek.voicedemo                D  curStatus=init,setStatus=start
2024-10-17 11:46:52.536  2890-2890  MscSpeechLog            com.iflytek.voicedemo                D  setStatus success=start
2024-10-17 11:46:52.536  2890-6365  MscSpeechLog            com.iflytek.voicedemo                D  [isr]start connecting
2024-10-17 11:46:52.538  2890-6365  MscSpeechLog            com.iflytek.voicedemo                D  [isr]start  record
2024-10-17 11:46:52.539  2890-6365  MscSpeechLog            com.iflytek.voicedemo                D  onBeginOfSpeech
2024-10-17 11:46:52.540  2890-6365  MscSpeechLog            com.iflytek.voicedemo                D  QISRSessionBegin begin, grammar: null
2024-10-17 11:46:52.540  2890-6365  MSC_LOG                 com.iflytek.voicedemo                D  QISRSessionBegin Begin
2024-10-17 11:46:52.545  2890-6365  MSC_LOG                 com.iflytek.voicedemo                D  QISRSessionBegin End
2024-10-17 11:46:52.545  2890-6365  MscSpeechLog            com.iflytek.voicedemo                D  QISRSessionBegin end: 0 time:5
2024-10-17 11:46:52.545  2890-6365  MSC_LOG                 com.iflytek.voicedemo                D  QISRRegisterNotify Begin
2024-10-17 11:46:52.545  2890-6365  MSC_LOG                 com.iflytek.voicedemo                D  QISRRegisterNotify Findclass
2024-10-17 11:46:52.545  2890-6365  MSC_LOG                 com.iflytek.voicedemo                D  QISRRegisterNotify GetstaticMethodID
2024-10-17 11:46:52.545  2890-6365  MSC_LOG                 com.iflytek.voicedemo                D  QISRRegisterNotify Get sessionID
2024-10-17 11:46:52.545  2890-6365  MSC_LOG                 com.iflytek.voicedemo                D  QISRRegisterNotify start call
2024-10-17 11:46:52.546  2890-6365  MSC_LOG                 com.iflytek.voicedemo                D  QISRRegisterNotify End
2024-10-17 11:46:52.546  2890-6365  MscSpeechLog            com.iflytek.voicedemo                D  curStatus=start,setStatus=recording
2024-10-17 11:46:52.546  2890-6365  MscSpeechLog            com.iflytek.voicedemo                D  setStatus success=recording
2024-10-17 11:46:52.553  2890-6366  MscSpeechLog            com.iflytek.voicedemo                D  SampleRate:16000
                                                                                                    Channel:2
                                                                                                    Format:2
                                                                                                    FramePeriod:640
                                                                                                    BufferSize:5120
                                                                                                    MinBufferSize:1024
                                                                                                    ActualBufferSize:1280
2024-10-17 11:46:52.556  2890-2890  lytek.voicedemo         com.iflytek.voicedemo                W  type=1400 audit(0.0:65): avc:  denied  { search } for  name="net" dev="sysfs" ino=6916 scontext=u:r:untrusted_app:s0:c192,c256,c512,c768 tcontext=u:object_r:sysfs_net:s0 tclass=dir permissive=0 app=com.iflytek.voicedemo
2024-10-17 11:46:52.556  2890-2890  lytek.voicedemo         com.iflytek.voicedemo                W  type=1400 audit(0.0:66): avc:  denied  { search } for  name="net" dev="sysfs" ino=6916 scontext=u:r:untrusted_app:s0:c192,c256,c512,c768 tcontext=u:object_r:sysfs_net:s0 tclass=dir permissive=0 app=com.iflytek.voicedemo
2024-10-17 11:46:52.556  2890-2890  lytek.voicedemo         com.iflytek.voicedemo                W  type=1400 audit(0.0:67): avc:  denied  { search } for  name="net" dev="sysfs" ino=6916 scontext=u:r:untrusted_app:s0:c192,c256,c512,c768 tcontext=u:object_r:sysfs_net:s0 tclass=dir permissive=0 app=com.iflytek.voicedemo
2024-10-17 11:46:52.556  2890-2890  lytek.voicedemo         com.iflytek.voicedemo                W  type=1400 audit(0.0:68): avc:  denied  { search } for  name="net" dev="sysfs" ino=6916 scontext=u:r:untrusted_app:s0:c192,c256,c512,c768 tcontext=u:object_r:sysfs_net:s0 tclass=dir permissive=0 app=com.iflytek.voicedemo
2024-10-17 11:46:52.556  2890-2890  lytek.voicedemo         com.iflytek.voicedemo                W  type=1400 audit(0.0:69): avc:  denied  { search } for  name="net" dev="sysfs" ino=6916 scontext=u:r:untrusted_app:s0:c192,c256,c512,c768 tcontext=u:object_r:sysfs_net:s0 tclass=dir permissive=0 app=com.iflytek.voicedemo
2024-10-17 11:46:52.682  2890-3881  MSC_LOG                 com.iflytek.voicedemo                D  JNI_IsrStatusCB
2024-10-17 11:46:52.683  2890-3881  MSC_LOG                 com.iflytek.voicedemo                D  JNI_IsrStatusCB AttachCurrentThread
2024-10-17 11:46:52.683  2890-3881  MSC_LOG                 com.iflytek.voicedemo                D  JNI_IsrStatusCB get sessionID chararray
2024-10-17 11:46:52.683  2890-3881  MSC_LOG                 com.iflytek.voicedemo                D  JNI_IsrStatusCB get param2 bytearray
2024-10-17 11:46:52.683  2890-3881  MSC_LOG                 com.iflytek.voicedemo                D  JNI_IsrStatusCB CallVoidMethod
2024-10-17 11:46:52.683  2890-3881  MSC_LOG                 com.iflytek.voicedemo                D  JNI_IsrStatusCB DetachCurrentThread
2024-10-17 11:46:52.709  2890-2965  OpenGLRenderer          com.iflytek.voicedemo                E  Unable to match the desired swap behavior.
2024-10-17 11:46:52.729  2890-3881  MSC_LOG                 com.iflytek.voicedemo                D  JNI_IsrErrorCB
2024-10-17 11:46:52.730  2890-3881  MSC_LOG                 com.iflytek.voicedemo                D  JNI_IsrErrorCB AttachCurrentThread
2024-10-17 11:46:52.731  2890-6365  System.err              com.iflytek.voicedemo                W  网络连接发生异常.(错误码:10205)
2024-10-17 11:46:52.731  2890-6365  System.err              com.iflytek.voicedemo                W  	at com.iflytek.cloud.msc.isr.z895z.writeData(SourceFile:7)
2024-10-17 11:46:52.732  2890-6365  System.err              com.iflytek.voicedemo                W  	at com.iflytek.cloud.msc.isr.z895z.pushAudioData(SourceFile:1)
2024-10-17 11:46:52.732  2890-6365  System.err              com.iflytek.voicedemo                W  	at com.iflytek.cloud.msc.isr.z235z.a(SourceFile:21)
2024-10-17 11:46:52.732  2890-6365  System.err              com.iflytek.voicedemo                W  	at com.iflytek.cloud.msc.isr.z235z.proc_Msg_Record_Data(SourceFile:8)
2024-10-17 11:46:52.732  2890-6365  System.err              com.iflytek.voicedemo                W  	at com.iflytek.cloud.msc.isr.z235z.onMsgProcess(SourceFile:26)
2024-10-17 11:46:52.732  2890-6365  System.err              com.iflytek.voicedemo                W  	at com.iflytek.cloud.msc.module.z895z.handleMessage(SourceFile:20)
2024-10-17 11:46:52.732  2890-6365  System.err              com.iflytek.voicedemo                W  	at android.os.Handler.dispatchMessage(Handler.java:106)
2024-10-17 11:46:52.732  2890-3881  MSC_LOG                 com.iflytek.voicedemo                D  JNI_IsrErrorCB get sessionID chararray
2024-10-17 11:46:52.732  2890-3881  MSC_LOG                 com.iflytek.voicedemo                D  JNI_IsrErrorCB get detail chararray
2024-10-17 11:46:52.732  2890-3881  MSC_LOG                 com.iflytek.voicedemo                D  JNI_IsrErrorCB CallVoidMethod
2024-10-17 11:46:52.733  2890-3881  MscSpeechLog            com.iflytek.voicedemo                D  clear all message
2024-10-17 11:46:52.733  2890-3881  MscSpeechLog            com.iflytek.voicedemo                D  curStatus=recording,setStatus=exiting
2024-10-17 11:46:52.734  2890-3881  MscSpeechLog            com.iflytek.voicedemo                D  setStatus success=exiting
2024-10-17 11:46:52.734  2890-3881  MSC_LOG                 com.iflytek.voicedemo                D  JNI_IsrErrorCB DetachCurrentThread
2024-10-17 11:46:52.735  2890-6365  System.err              com.iflytek.voicedemo                W  	at android.os.Looper.loopOnce(Looper.java:205)
2024-10-17 11:46:52.735  2890-6365  System.err              com.iflytek.voicedemo                W  	at android.os.Looper.loop(Looper.java:294)
2024-10-17 11:46:52.735  2890-6365  System.err              com.iflytek.voicedemo                W  	at android.os.HandlerThread.run(HandlerThread.java:67)
2024-10-17 11:46:52.736  2890-6365  MscSpeechLog            com.iflytek.voicedemo                D  class com.iflytek.cloud.msc.isr.z235z occur Error = 网络连接发生异常.(错误码:10205)
2024-10-17 11:46:52.736  2890-6365  MscSpeechLog            com.iflytek.voicedemo                D  clear all message
2024-10-17 11:46:52.737  2890-6365  MscSpeechLog            com.iflytek.voicedemo                D  send msg failed while status is exiting
2024-10-17 11:46:52.737  2890-6365  MscSpeechLog            com.iflytek.voicedemo                D  onSessionEnd
2024-10-17 11:46:52.737  2890-6365  MscSpeechLog            com.iflytek.voicedemo                D  stop record
2024-10-17 11:46:52.738  2890-6365  MSC_LOG                 com.iflytek.voicedemo                D  QISRSetParam Begin
2024-10-17 11:46:52.738  2890-6365  MSC_LOG                 com.iflytek.voicedemo                D  QISRSetParam End
2024-10-17 11:46:52.739  2890-6365  MscSpeechLog            com.iflytek.voicedemo                D  sessionEnd enter 
2024-10-17 11:46:52.740  2890-6365  MSC_LOG                 com.iflytek.voicedemo                D  QISRSessionEnd Begin
2024-10-17 11:46:52.746  2890-6366  MscSpeechLog            com.iflytek.voicedemo                D  release record begin
2024-10-17 11:46:52.753  2890-6365  MSC_LOG                 com.iflytek.voicedemo                D  QISRSessionEnd End
2024-10-17 11:46:52.755  2890-6365  MSC_LOG                 com.iflytek.voicedemo                D  DeleteGlobalRef g_isrCbData.m_obj
2024-10-17 11:46:52.755  2890-6365  MscSpeechLog            com.iflytek.voicedemo                D  sessionEnd leavel:true time:15
2024-10-17 11:46:52.755  2890-6365  MscSpeechLog            com.iflytek.voicedemo                D  curStatus=exiting,setStatus=exited
2024-10-17 11:46:52.756  2890-6365  MscSpeechLog            com.iflytek.voicedemo                D  setStatus success=exited
2024-10-17 11:46:52.757  2890-6365  MscSpeechLog            com.iflytek.voicedemo                D  clear all message
2024-10-17 11:46:52.757  2890-6365  MscSpeechLog            com.iflytek.voicedemo                D  RecognizerListener#onEnd
2024-10-17 11:46:52.759  2890-6365  MscSpeechLog            com.iflytek.voicedemo                D  start abandon audio focus
2024-10-17 11:46:52.762  2890-6365  MscSpeechLog            com.iflytek.voicedemo                D  clear all message
2024-10-17 11:46:52.762  2890-6365  MscSpeechLog            com.iflytek.voicedemo                D  quit current Msc Handler thread
2024-10-17 11:46:52.778  2890-6366  MscSpeechLog            com.iflytek.voicedemo                D  release record over
2024-10-17 13:31:35.318  2890-2890  WindowOnBackDispatcher  com.iflytek.voicedemo                W  sendCancelIfRunning: isInProgress=falsecallback=android.view.ViewRootImpl$$ExternalSyntheticLambda17@a3f3798
2024-10-17 13:31:35.327  2890-2890  InputEventReceiver      com.iflytek.voicedemo                W  Attempted to finish an input event but the input event receiver has already been disposed.
2024-10-17 13:31:35.372  2890-2965  EGL_emulation           com.iflytek.voicedemo                D  app_time_stats: avg=130892.29ms min=2.20ms max=6282038.50ms count=48
2024-10-17 13:31:36.388  2890-2890  Compatibil...geReporter com.iflytek.voicedemo                D  Compat change id reported: 163400105; UID 10192; state: ENABLED
2024-10-17 13:31:36.389  2890-2890  ImeTracker              com.iflytek.voicedemo                I  com.iflytek.voicedemo:49ca18e6: onRequestShow at ORIGIN_CLIENT_SHOW_SOFT_INPUT reason SHOW_SOFT_INPUT
2024-10-17 13:31:36.390  2890-2890  InputMethodManager      com.iflytek.voicedemo                D  showSoftInput() view=android.widget.EditText{e976d1 VFED..CL. .F.P..ID 35,223-1405,1018 #7f0900d6 app:id/iat_text aid=1073741824} flags=0 reason=SHOW_SOFT_INPUT
2024-10-17 13:31:36.405  2890-2965  EGL_emulation           com.iflytek.voicedemo                D  app_time_stats: avg=147.50ms min=12.86ms max=937.54ms count=7
2024-10-17 13:31:36.406  2890-2890  AssistStructure         com.iflytek.voicedemo                I  Flattened final assist data: 2188 bytes, containing 1 windows, 11 views
2024-10-17 13:31:36.967  2890-2890  InsetsController        com.iflytek.voicedemo                D  show(ime(), fromIme=true)
2024-10-17 13:31:37.198  2890-2890  ImeTracker              com.iflytek.voicedemo                I  com.iflytek.voicedemo:49ca18e6: onShown
2024-10-17 13:31:37.884  2890-2965  EGL_emulation           com.iflytek.voicedemo                D  app_time_stats: avg=369.72ms min=13.60ms max=500.14ms count=4
2024-10-17 13:31:38.901  2890-2965  EGL_emulation           com.iflytek.voicedemo                D  app_time_stats: avg=508.24ms min=499.67ms max=516.82ms count=2
2024-10-17 13:31:40.402  2890-2965  EGL_emulation           com.iflytek.voicedemo                D  app_time_stats: avg=500.21ms min=494.93ms max=503.01ms count=3
2024-10-17 13:31:41.902  2890-2965  EGL_emulation           com.iflytek.voicedemo                D  app_time_stats: avg=499.76ms min=497.13ms max=501.84ms count=3
2024-10-17 13:31:42.902  2890-2965  EGL_emulation           com.iflytek.voicedemo                D  app_time_stats: avg=499.90ms min=497.59ms max=502.22ms count=2
2024-10-17 13:31:44.401  2890-2965  EGL_emulation           com.iflytek.voicedemo                D  app_time_stats: avg=499.44ms min=498.98ms max=500.07ms count=3
2024-10-17 13:31:45.917  2890-2965  EGL_emulation           com.iflytek.voicedemo                D  app_time_stats: avg=505.32ms min=499.60ms max=516.69ms count=3
2024-10-17 13:31:47.417  2890-2965  EGL_emulation           com.iflytek.voicedemo                D  app_time_stats: avg=499.67ms min=498.31ms max=500.72ms count=3
2024-10-17 13:31:48.418  2890-2965  EGL_emulation           com.iflytek.voicedemo                D  app_time_stats: avg=499.92ms min=499.23ms max=500.61ms count=2
2024-10-17 13:31:49.917  2890-2965  EGL_emulation           com.iflytek.voicedemo                D  app_time_stats: avg=498.99ms min=497.80ms max=500.24ms count=3
2024-10-17 13:31:51.418  2890-2965  EGL_emulation           com.iflytek.voicedemo                D  app_time_stats: avg=500.34ms min=498.22ms max=501.92ms count=3
2024-10-17 13:31:52.433  2890-2965  EGL_emulation           com.iflytek.voicedemo                D  app_time_stats: avg=506.98ms min=497.49ms max=516.47ms count=2
2024-10-17 13:31:53.435  2890-2965  EGL_emulation           com.iflytek.voicedemo                D  app_time_stats: avg=501.06ms min=499.52ms max=502.61ms count=2
2024-10-17 13:31:54.935  2890-2965  EGL_emulation           com.iflytek.voicedemo                D  app_time_stats: avg=499.90ms min=498.77ms max=500.61ms count=3
2024-10-17 13:31:56.438  2890-2965  EGL_emulation           com.iflytek.voicedemo                D  app_time_stats: avg=500.59ms min=498.24ms max=503.66ms count=3
2024-10-17 13:31:57.935  2890-2965  EGL_emulation           com.iflytek.voicedemo                D  app_time_stats: avg=498.67ms min=495.49ms max=500.57ms count=3
2024-10-17 13:31:58.950  2890-2965  EGL_emulation           com.iflytek.voicedemo                D  app_time_stats: avg=507.45ms min=502.55ms max=512.34ms count=2
2024-10-17 13:31:59.951  2890-2965  EGL_emulation           com.iflytek.voicedemo                D  app_time_stats: avg=500.35ms min=499.56ms max=501.15ms count=2
2024-10-17 13:32:00.951  2890-2965  EGL_emulation           com.iflytek.voicedemo                D  app_time_stats: avg=499.87ms min=499.72ms max=500.02ms count=2
2024-10-17 13:32:02.453  2890-2965  EGL_emulation           com.iflytek.voicedemo                D  app_time_stats: avg=500.50ms min=498.69ms max=502.27ms count=3
2024-10-17 13:32:03.469  2890-2965  EGL_emulation           com.iflytek.voicedemo                D  app_time_stats: avg=507.85ms min=502.13ms max=513.56ms count=2
2024-10-17 13:32:04.967  2890-2965  EGL_emulation           com.iflytek.voicedemo                D  app_time_stats: avg=499.18ms min=497.84ms max=500.51ms count=3
2024-10-17 13:32:06.470  2890-2965  EGL_emulation           com.iflytek.voicedemo                D  app_time_stats: avg=500.81ms min=499.27ms max=502.71ms count=3
2024-10-17 13:32:07.470  2890-2965  EGL_emulation           com.iflytek.voicedemo                D  app_time_stats: avg=499.97ms min=497.99ms max=501.94ms count=2
2024-10-17 13:32:08.969  2890-2965  EGL_emulation           com.iflytek.voicedemo                D  app_time_stats: avg=499.38ms min=495.35ms max=501.65ms count=3
