2024-10-17 13:45:15.273  2890-3881  MscSpeechLog            com.iflytek.voicedemo                D  setStatus success=exiting
2024-10-17 13:45:15.273  2890-3881  MSC_LOG                 com.iflytek.voicedemo                D  JNI_IsrErrorCB DetachCurrentThread
2024-10-17 13:45:15.328  2890-11918 MscSpeechLog            com.iflytek.voicedemo                D  onSessionEnd
2024-10-17 13:45:15.328  2890-11918 MSC_LOG                 com.iflytek.voicedemo                D  QISRSetParam Begin
2024-10-17 13:45:15.328  2890-11918 MSC_LOG                 com.iflytek.voicedemo                D  QISRSetParam End
2024-10-17 13:45:15.329  2890-11918 MscSpeechLog            com.iflytek.voicedemo                D  sessionEnd enter 
2024-10-17 13:45:15.329  2890-11918 MSC_LOG                 com.iflytek.voicedemo                D  QISRSessionEnd Begin
2024-10-17 13:45:15.335  2890-3881  MSC_LOG                 com.iflytek.voicedemo                D  JNI_IsrStatusCB
2024-10-17 13:45:15.335  2890-3881  MSC_LOG                 com.iflytek.voicedemo                D  JNI_IsrStatusCB AttachCurrentThread
2024-10-17 13:45:15.336  2890-3881  MSC_LOG                 com.iflytek.voicedemo                D  JNI_IsrStatusCB get sessionID chararray
2024-10-17 13:45:15.336  2890-3881  MSC_LOG                 com.iflytek.voicedemo                D  JNI_IsrStatusCB get param2 bytearray
2024-10-17 13:45:15.336  2890-3881  MSC_LOG                 com.iflytek.voicedemo                D  JNI_IsrStatusCB CallVoidMethod
2024-10-17 13:45:15.336  2890-3881  MscRecognizer           com.iflytek.voicedemo                D  stusCb:3,type:0
2024-10-17 13:45:15.336  2890-3881  MSC_LOG                 com.iflytek.voicedemo                D  JNI_IsrStatusCB DetachCurrentThread
2024-10-17 13:45:15.343  2890-11918 MSC_LOG                 com.iflytek.voicedemo                D  QISRSessionEnd End
2024-10-17 13:45:15.343  2890-11918 MSC_LOG                 com.iflytek.voicedemo                D  DeleteGlobalRef g_isrCbData.m_obj
2024-10-17 13:45:15.343  2890-11918 MscSpeechLog            com.iflytek.voicedemo                D  sessionEnd leavel:true time:14
2024-10-17 13:45:15.344  2890-11918 MscSpeechLog            com.iflytek.voicedemo                D  curStatus=exiting,setStatus=exited
2024-10-17 13:45:15.344  2890-11918 MscSpeechLog            com.iflytek.voicedemo                D  setStatus success=exited
2024-10-17 13:45:15.344  2890-11918 MscSpeechLog            com.iflytek.voicedemo                D  clear all message
2024-10-17 13:45:15.344  2890-11918 MscSpeechLog            com.iflytek.voicedemo                D  RecognizerListener#onEnd
2024-10-17 13:45:15.358  2890-11918 MscSpeechLog            com.iflytek.voicedemo                D  start abandon audio focus
2024-10-17 13:45:15.360  2890-11918 MscSpeechLog            com.iflytek.voicedemo                D  clear all message
2024-10-17 13:45:15.360  2890-11918 MscSpeechLog            com.iflytek.voicedemo                D  quit current Msc Handler thread
2024-10-17 13:45:15.725  2890-2903  lytek.voicedemo         com.iflytek.voicedemo                W  Cleared Reference was only reachable from finalizer (only reported once)
2024-10-17 13:45:15.730  2890-2903  lytek.voicedemo         com.iflytek.voicedemo                W  Reducing the number of considered missed Gc histogram windows from 905 to 100
2024-10-17 13:45:15.742  2890-2905  MscSpeechLog            com.iflytek.voicedemo                D  [finalize] release recoder
2024-10-17 13:45:15.742  2890-2905  MscSpeechLog            com.iflytek.voicedemo                D  [finalize] release recoder
2024-10-17 13:45:15.856  2890-2965  EGL_emulation           com.iflytek.voicedemo                D  app_time_stats: avg=14.71ms min=1.46ms max=59.01ms count=52
2024-10-17 13:45:15.950  2890-2890  IatDemo                 com.iflytek.voicedemo                D  onError 网络连接发生异常.(错误码:10205)
2024-10-17 13:45:16.967  2890-2965  EGL_emulation           com.iflytek.voicedemo                D  app_time_stats: avg=108.45ms min=10.80ms max=497.95ms count=10
2024-10-17 13:45:18.371  2890-2965  EGL_emulation           com.iflytek.voicedemo                D  app_time_stats: avg=468.02ms min=405.67ms max=500.15ms count=3
2024-10-17 13:45:19.483  2890-2965  EGL_emulation           com.iflytek.voicedemo                D  app_time_stats: avg=98.10ms min=8.97ms max=496.12ms count=11
2024-10-17 13:45:20.483  2890-2965  EGL_emulation           com.iflytek.voicedemo                D  app_time_stats: avg=499.89ms min=499.34ms max=500.44ms count=2
2024-10-17 13:45:21.483  2890-2965  EGL_emulation           com.iflytek.voicedemo                D  app_time_stats: avg=500.03ms min=498.48ms max=501.58ms count=2
2024-10-17 13:45:22.986  2890-2965  EGL_emulation           com.iflytek.voicedemo                D  app_time_stats: avg=500.77ms min=498.19ms max=503.77ms count=3
2024-10-17 13:45:24.482  2890-2965  EGL_emulation           com.iflytek.voicedemo                D  app_time_stats: avg=498.66ms min=496.32ms max=499.96ms count=3
2024-10-17 13:45:25.482  2890-2965  EGL_emulation           com.iflytek.voicedemo                D  app_time_stats: avg=500.04ms min=499.89ms max=500.20ms count=2
2024-10-17 13:45:26.483  2890-2965  EGL_emulation           com.iflytek.voicedemo                D  app_time_stats: avg=499.99ms min=499.84ms max=500.15ms count=2
2024-10-17 13:45:27.982  2890-2965  EGL_emulation           com.iflytek.voicedemo                D  app_time_stats: avg=499.21ms min=492.93ms max=504.93ms count=3
2024-10-17 13:45:29.000  2890-2965  EGL_emulation           com.iflytek.voicedemo                D  app_time_stats: avg=508.84ms min=499.86ms max=517.83ms count=2
2024-10-17 13:45:30.499  2890-2965  EGL_emulation           com.iflytek.voicedemo                D  app_time_stats: avg=499.57ms min=498.62ms max=500.23ms count=3
2024-10-17 13:45:31.999  2890-2965  EGL_emulation           com.iflytek.voicedemo                D  app_time_stats: avg=499.86ms min=499.32ms max=500.21ms count=3
2024-10-17 13:45:33.001  2890-2965  EGL_emulation           com.iflytek.voicedemo                D  app_time_stats: avg=500.81ms min=499.49ms max=502.12ms count=2
2024-10-17 13:45:34.499  2890-2965  EGL_emulation           com.iflytek.voicedemo                D  app_time_stats: avg=499.29ms min=498.22ms max=500.19ms count=3
2024-10-17 13:45:35.500  2890-2965  EGL_emulation           com.iflytek.voicedemo                D  app_time_stats: avg=500.68ms min=499.86ms max=501.50ms count=2
2024-10-17 13:45:37.000  2890-2965  EGL_emulation           com.iflytek.voicedemo                D  app_time_stats: avg=499.71ms min=497.70ms max=500.81ms count=3
2024-10-17 13:45:38.017  2890-2965  EGL_emulation           com.iflytek.voicedemo                D  app_time_stats: avg=508.19ms min=501.13ms max=515.24ms count=2
2024-10-17 13:45:39.515  2890-2965  EGL_emulation           com.iflytek.voicedemo                D  app_time_stats: avg=499.11ms min=498.20ms max=499.65ms count=3
2024-10-17 13:45:41.015  2890-2965  EGL_emulation           com.iflytek.voicedemo                D  app_time_stats: avg=499.68ms min=499.19ms max=500.39ms count=3
2024-10-17 13:45:42.016  2890-2965  EGL_emulation           com.iflytek.voicedemo                D  app_time_stats: avg=500.63ms min=500.21ms max=501.05ms count=2
2024-10-17 13:45:43.515  2890-2965  EGL_emulation           com.iflytek.voicedemo                D  app_time_stats: avg=499.52ms min=498.89ms max=500.70ms count=3
2024-10-17 13:45:45.016  2890-2965  EGL_emulation           com.iflytek.voicedemo                D  app_time_stats: avg=500.21ms min=498.61ms max=501.31ms count=3
2024-10-17 13:45:46.032  2890-2965  EGL_emulation           com.iflytek.voicedemo                D  app_time_stats: avg=507.91ms min=499.18ms max=516.64ms count=2
2024-10-17 13:45:47.032  2890-2965  EGL_emulation           com.iflytek.voicedemo                D  app_time_stats: avg=500.01ms min=499.98ms max=500.04ms count=2
2024-10-17 13:45:48.533  2890-2965  EGL_emulation           com.iflytek.voicedemo                D  app_time_stats: avg=500.07ms min=499.27ms max=500.88ms count=3
2024-10-17 13:45:49.534  2890-2965  EGL_emulation           com.iflytek.voicedemo                D  app_time_stats: avg=500.21ms min=499.93ms max=500.49ms count=2
2024-10-17 13:45:51.032  2890-2965  EGL_emulation           com.iflytek.voicedemo                D  app_time_stats: avg=499.25ms min=497.99ms max=500.67ms count=3
2024-10-17 13:45:52.032  2890-2965  EGL_emulation           com.iflytek.voicedemo                D  app_time_stats: avg=500.02ms min=499.44ms max=500.61ms count=2
2024-10-17 13:45:53.551  2890-2965  EGL_emulation           com.iflytek.voicedemo                D  app_time_stats: avg=505.97ms min=498.41ms max=518.50ms count=3
2024-10-17 13:45:55.049  2890-2965  EGL_emulation           com.iflytek.voicedemo                D  app_time_stats: avg=499.43ms min=498.92ms max=500.33ms count=3
2024-10-17 13:45:56.054  2890-2965  EGL_emulation           com.iflytek.voicedemo                D  app_time_stats: avg=502.25ms min=499.71ms max=504.80ms count=2
2024-10-17 13:45:57.549  2890-2965  EGL_emulation           com.iflytek.voicedemo                D  app_time_stats: avg=498.15ms min=495.21ms max=502.05ms count=3
2024-10-17 13:45:58.550  2890-2965  EGL_emulation           com.iflytek.voicedemo                D  app_time_stats: avg=500.34ms min=500.11ms max=500.57ms count=2
2024-10-17 13:46:00.050  2890-2965  EGL_emulation           com.iflytek.voicedemo                D  app_time_stats: avg=500.19ms min=499.48ms max=501.54ms count=3
2024-10-17 13:46:01.068  2890-2965  EGL_emulation           com.iflytek.voicedemo                D  app_time_stats: avg=508.89ms min=500.36ms max=517.42ms count=2
2024-10-17 13:46:02.566  2890-2965  EGL_emulation           com.iflytek.voicedemo                D  app_time_stats: avg=498.96ms min=497.21ms max=500.02ms count=3
2024-10-17 13:46:03.179  2890-2890  IatDemo                 com.iflytek.voicedemo                E  language = zh_cn
2024-10-17 13:46:03.179  2890-2890  IatDemo                 com.iflytek.voicedemo                E  last language:zh_cn
2024-10-17 13:46:03.211  2890-2890  MscSpeechLog            com.iflytek.voicedemo                D  startRecognizing
2024-10-17 13:46:03.211  2890-2890  MscSpeechLog            com.iflytek.voicedemo                D  start engine mode = MSC
2024-10-17 13:46:03.213  2890-2890  MscSpeechLog            com.iflytek.voicedemo                D  mSpeechTimeOut=60000
2024-10-17 13:46:03.213  2890-2890  MscSpeechLog            com.iflytek.voicedemo                D  start request music_stream focus
2024-10-17 13:46:03.213  2890-2890  AudioManager            com.iflytek.voicedemo                W  Use of stream types is deprecated for operations other than volume control
2024-10-17 13:46:03.213  2890-2890  AudioManager            com.iflytek.voicedemo                W  See the documentation of requestAudioFocus() for what to use instead with android.media.AudioAttributes to qualify your playback use case
2024-10-17 13:46:03.232  2890-2890  MscSpeechLog            com.iflytek.voicedemo                D  [isr]startListening called
2024-10-17 13:46:03.234  2890-2890  MscSpeechLog            com.iflytek.voicedemo                D  curStatus=init,setStatus=start
2024-10-17 13:46:03.234  2890-2890  MscSpeechLog            com.iflytek.voicedemo                D  setStatus success=start
2024-10-17 13:46:03.234  2890-14063 MscSpeechLog            com.iflytek.voicedemo                D  [isr]start connecting
2024-10-17 13:46:03.240  2890-14063 MscSpeechLog            com.iflytek.voicedemo                D  [isr]start  record
2024-10-17 13:46:03.240  2890-14063 MscSpeechLog            com.iflytek.voicedemo                D  onBeginOfSpeech
2024-10-17 13:46:03.250  2890-14063 MscSpeechLog            com.iflytek.voicedemo                D  QISRSessionBegin begin, grammar: null
2024-10-17 13:46:03.250  2890-14063 MSC_LOG                 com.iflytek.voicedemo                D  QISRSessionBegin Begin
2024-10-17 13:46:03.270  2890-14067 MscSpeechLog            com.iflytek.voicedemo                D  SampleRate:16000
                                                                                                    Channel:2
                                                                                                    Format:2
                                                                                                    FramePeriod:640
                                                                                                    BufferSize:5120
                                                                                                    MinBufferSize:1024
                                                                                                    ActualBufferSize:1280
2024-10-17 13:46:03.268  2890-2890  lytek.voicedemo         com.iflytek.voicedemo                W  type=1400 audit(0.0:202): avc:  denied  { search } for  name="net" dev="sysfs" ino=6916 scontext=u:r:untrusted_app:s0:c192,c256,c512,c768 tcontext=u:object_r:sysfs_net:s0 tclass=dir permissive=0 app=com.iflytek.voicedemo
2024-10-17 13:46:03.272  2890-2890  lytek.voicedemo         com.iflytek.voicedemo                W  type=1400 audit(0.0:203): avc:  denied  { search } for  name="net" dev="sysfs" ino=6916 scontext=u:r:untrusted_app:s0:c192,c256,c512,c768 tcontext=u:object_r:sysfs_net:s0 tclass=dir permissive=0 app=com.iflytek.voicedemo
2024-10-17 13:46:03.276  2890-2890  lytek.voicedemo         com.iflytek.voicedemo                W  type=1400 audit(0.0:204): avc:  denied  { search } for  name="net" dev="sysfs" ino=6916 scontext=u:r:untrusted_app:s0:c192,c256,c512,c768 tcontext=u:object_r:sysfs_net:s0 tclass=dir permissive=0 app=com.iflytek.voicedemo
2024-10-17 13:46:03.276  2890-2890  lytek.voicedemo         com.iflytek.voicedemo                W  type=1400 audit(0.0:205): avc:  denied  { search } for  name="net" dev="sysfs" ino=6916 scontext=u:r:untrusted_app:s0:c192,c256,c512,c768 tcontext=u:object_r:sysfs_net:s0 tclass=dir permissive=0 app=com.iflytek.voicedemo
2024-10-17 13:46:03.276  2890-2890  lytek.voicedemo         com.iflytek.voicedemo                W  type=1400 audit(0.0:206): avc:  denied  { search } for  name="net" dev="sysfs" ino=6916 scontext=u:r:untrusted_app:s0:c192,c256,c512,c768 tcontext=u:object_r:sysfs_net:s0 tclass=dir permissive=0 app=com.iflytek.voicedemo
2024-10-17 13:46:03.316  2890-14063 MSC_LOG                 com.iflytek.voicedemo                D  QISRSessionBegin End
2024-10-17 13:46:03.316  2890-14063 MscSpeechLog            com.iflytek.voicedemo                D  QISRSessionBegin end: 0 time:74
2024-10-17 13:46:03.316  2890-14063 MSC_LOG                 com.iflytek.voicedemo                D  QISRRegisterNotify Begin
2024-10-17 13:46:03.316  2890-14063 MSC_LOG                 com.iflytek.voicedemo                D  QISRRegisterNotify Findclass
2024-10-17 13:46:03.316  2890-14063 MSC_LOG                 com.iflytek.voicedemo                D  QISRRegisterNotify GetstaticMethodID
2024-10-17 13:46:03.316  2890-14063 MSC_LOG                 com.iflytek.voicedemo                D  QISRRegisterNotify Get sessionID
2024-10-17 13:46:03.316  2890-14063 MSC_LOG                 com.iflytek.voicedemo                D  QISRRegisterNotify start call
2024-10-17 13:46:03.317  2890-14063 MSC_LOG                 com.iflytek.voicedemo                D  QISRRegisterNotify End
2024-10-17 13:46:03.317  2890-14063 MscSpeechLog            com.iflytek.voicedemo                D  curStatus=start,setStatus=recording
2024-10-17 13:46:03.317  2890-14063 MscSpeechLog            com.iflytek.voicedemo                D  setStatus success=recording
2024-10-17 13:46:03.543  2890-3881  MSC_LOG                 com.iflytek.voicedemo                D  JNI_IsrStatusCB
2024-10-17 13:46:03.544  2890-3881  MSC_LOG                 com.iflytek.voicedemo                D  JNI_IsrStatusCB AttachCurrentThread
2024-10-17 13:46:03.544  2890-3881  MSC_LOG                 com.iflytek.voicedemo                D  JNI_IsrStatusCB get sessionID chararray
2024-10-17 13:46:03.544  2890-3881  MSC_LOG                 com.iflytek.voicedemo                D  JNI_IsrStatusCB get param2 bytearray
2024-10-17 13:46:03.544  2890-3881  MSC_LOG                 com.iflytek.voicedemo                D  JNI_IsrStatusCB CallVoidMethod
2024-10-17 13:46:03.546  2890-3881  MSC_LOG                 com.iflytek.voicedemo                D  JNI_IsrStatusCB DetachCurrentThread
2024-10-17 13:46:03.567  2890-3881  MSC_LOG                 com.iflytek.voicedemo                D  JNI_IsrErrorCB
2024-10-17 13:46:03.567  2890-3881  MSC_LOG                 com.iflytek.voicedemo                D  JNI_IsrErrorCB AttachCurrentThread
2024-10-17 13:46:03.567  2890-3881  MSC_LOG                 com.iflytek.voicedemo                D  JNI_IsrErrorCB get sessionID chararray
2024-10-17 13:46:03.568  2890-3881  MSC_LOG                 com.iflytek.voicedemo                D  JNI_IsrErrorCB get detail chararray
2024-10-17 13:46:03.569  2890-3881  MSC_LOG                 com.iflytek.voicedemo                D  JNI_IsrErrorCB CallVoidMethod
2024-10-17 13:46:03.570  2890-3881  MscSpeechLog            com.iflytek.voicedemo                D  clear all message
2024-10-17 13:46:03.570  2890-3881  MscSpeechLog            com.iflytek.voicedemo                D  curStatus=recording,setStatus=exiting
2024-10-17 13:46:03.570  2890-3881  MscSpeechLog            com.iflytek.voicedemo                D  setStatus success=exiting
2024-10-17 13:46:03.571  2890-3881  MSC_LOG                 com.iflytek.voicedemo                D  JNI_IsrErrorCB DetachCurrentThread
2024-10-17 13:46:03.571  2890-14063 MscSpeechLog            com.iflytek.voicedemo                D  onSessionEnd
2024-10-17 13:46:03.571  2890-14063 MscSpeechLog            com.iflytek.voicedemo                D  stop record
2024-10-17 13:46:03.572  2890-14063 MSC_LOG                 com.iflytek.voicedemo                D  QISRSetParam Begin
2024-10-17 13:46:03.573  2890-2965  EGL_emulation           com.iflytek.voicedemo                D  app_time_stats: avg=54.81ms min=1.93ms max=503.68ms count=15
2024-10-17 13:46:03.573  2890-14063 MSC_LOG                 com.iflytek.voicedemo                D  QISRSetParam End
2024-10-17 13:46:03.576  2890-14063 MscSpeechLog            com.iflytek.voicedemo                D  sessionEnd enter 
2024-10-17 13:46:03.576  2890-14063 MSC_LOG                 com.iflytek.voicedemo                D  QISRSessionEnd Begin
2024-10-17 13:46:03.587  2890-2965  OpenGLRenderer          com.iflytek.voicedemo                E  Unable to match the desired swap behavior.
2024-10-17 13:46:03.610  2890-14067 MscSpeechLog            com.iflytek.voicedemo                D  release record begin
2024-10-17 13:46:03.618  2890-14063 MSC_LOG                 com.iflytek.voicedemo                D  QISRSessionEnd End
2024-10-17 13:46:03.618  2890-14063 MSC_LOG                 com.iflytek.voicedemo                D  DeleteGlobalRef g_isrCbData.m_obj
2024-10-17 13:46:03.618  2890-14063 MscSpeechLog            com.iflytek.voicedemo                D  sessionEnd leavel:true time:42
2024-10-17 13:46:03.618  2890-14063 MscSpeechLog            com.iflytek.voicedemo                D  curStatus=exiting,setStatus=exited
2024-10-17 13:46:03.618  2890-14063 MscSpeechLog            com.iflytek.voicedemo                D  setStatus success=exited
2024-10-17 13:46:03.619  2890-14063 MscSpeechLog            com.iflytek.voicedemo                D  clear all message
2024-10-17 13:46:03.619  2890-14063 MscSpeechLog            com.iflytek.voicedemo                D  RecognizerListener#onEnd
2024-10-17 13:46:03.667  2890-14063 MscSpeechLog            com.iflytek.voicedemo                D  start abandon audio focus
2024-10-17 13:46:03.688  2890-14063 MscSpeechLog            com.iflytek.voicedemo                D  clear all message
2024-10-17 13:46:03.689  2890-14063 MscSpeechLog            com.iflytek.voicedemo                D  quit current Msc Handler thread
2024-10-17 13:46:03.707  2890-14067 MscSpeechLog            com.iflytek.voicedemo                D  release record over
2024-10-17 13:46:04.981  2890-2890  WindowOnBackDispatcher  com.iflytek.voicedemo                W  sendCancelIfRunning: isInProgress=falsecallback=android.view.ViewRootImpl$$ExternalSyntheticLambda17@3aa604a
2024-10-17 13:46:04.998  2890-2890  InputEventReceiver      com.iflytek.voicedemo                W  Attempted to finish an input event but the input event receiver has already been disposed.
2024-10-17 13:46:05.054  2890-2965  EGL_emulation           com.iflytek.voicedemo                D  app_time_stats: avg=44.12ms min=3.51ms max=928.25ms count=31
2024-10-17 13:46:05.655  2890-2890  InsetsController        com.iflytek.voicedemo                D  show(ime(), fromIme=true)
2024-10-17 13:46:05.864  2890-2890  ImeTracker              com.iflytek.voicedemo                I  com.iflytek.voicedemo:b7dcf28: onShown
2024-10-17 13:46:06.550  2890-2965  EGL_emulation           com.iflytek.voicedemo                D  app_time_stats: avg=164.86ms min=12.83ms max=502.53ms count=9
2024-10-17 13:46:07.552  2890-2965  EGL_emulation           com.iflytek.voicedemo                D  app_time_stats: avg=501.08ms min=499.47ms max=502.69ms count=2
2024-10-17 13:46:09.049  2890-2965  EGL_emulation           com.iflytek.voicedemo                D  app_time_stats: avg=498.90ms min=497.17ms max=501.27ms count=3
2024-10-17 13:46:10.050  2890-2965  EGL_emulation           com.iflytek.voicedemo                D  app_time_stats: avg=500.26ms min=500.01ms max=500.52ms count=2
2024-10-17 13:46:11.051  2890-2965  EGL_emulation           com.iflytek.voicedemo                D  app_time_stats: avg=500.52ms min=500.23ms max=500.82ms count=2
2024-10-17 13:46:12.566  2890-2965  EGL_emulation           com.iflytek.voicedemo                D  app_time_stats: avg=504.72ms min=497.29ms max=516.75ms count=3
2024-10-17 13:46:13.570  2890-2965  EGL_emulation           com.iflytek.voicedemo                D  app_time_stats: avg=501.94ms min=499.52ms max=504.35ms count=2
2024-10-17 13:46:15.066  2890-2965  EGL_emulation           com.iflytek.voicedemo                D  app_time_stats: avg=498.39ms min=494.47ms max=500.46ms count=3
2024-10-17 13:46:16.569  2890-2965  EGL_emulation           com.iflytek.voicedemo                D  app_time_stats: avg=500.87ms min=499.83ms max=502.81ms count=3
2024-10-17 13:46:18.066  2890-2965  EGL_emulation           com.iflytek.voicedemo                D  app_time_stats: avg=498.85ms min=498.07ms max=499.34ms count=3
2024-10-17 13:46:19.075  2890-2965  EGL_emulation           com.iflytek.voicedemo                D  app_time_stats: avg=504.20ms min=499.37ms max=509.04ms count=2
2024-10-17 13:46:20.583  2890-2965  EGL_emulation           com.iflytek.voicedemo                D  app_time_stats: avg=502.45ms min=476.13ms max=517.67ms count=3
2024-10-17 13:46:21.585  2890-2965  EGL_emulation           com.iflytek.voicedemo                D  app_time_stats: avg=501.16ms min=498.69ms max=503.64ms count=2
2024-10-17 13:46:23.082  2890-2965  EGL_emulation           com.iflytek.voicedemo                D  app_time_stats: avg=498.88ms min=496.41ms max=500.25ms count=3
2024-10-17 13:46:24.583  2890-2965  EGL_emulation           com.iflytek.voicedemo                D  app_time_stats: avg=500.18ms min=499.15ms max=501.04ms count=3
2024-10-17 13:46:26.083  2890-2965  EGL_emulation           com.iflytek.voicedemo                D  app_time_stats: avg=499.68ms min=498.49ms max=500.51ms count=3
2024-10-17 13:46:27.083  2890-2965  EGL_emulation           com.iflytek.voicedemo                D  app_time_stats: avg=500.12ms min=494.31ms max=505.94ms count=2
2024-10-17 13:46:28.083  2890-2965  EGL_emulation           com.iflytek.voicedemo                D  app_time_stats: avg=499.70ms min=498.29ms max=501.12ms count=2
2024-10-17 13:46:29.101  2890-2965  EGL_emulation           com.iflytek.voicedemo                D  app_time_stats: avg=508.25ms min=501.43ms max=515.07ms count=2
2024-10-17 13:46:30.605  2890-2965  EGL_emulation           com.iflytek.voicedemo                D  app_time_stats: avg=501.21ms min=497.29ms max=506.33ms count=3
2024-10-17 13:46:32.101  2890-2965  EGL_emulation           com.iflytek.voicedemo                D  app_time_stats: avg=498.57ms min=493.74ms max=502.23ms count=3
2024-10-17 13:46:33.599  2890-2965  EGL_emulation           com.iflytek.voicedemo                D  app_time_stats: avg=499.23ms min=498.03ms max=499.86ms count=3
2024-10-17 13:46:34.600  2890-2965  EGL_emulation           com.iflytek.voicedemo                D  app_time_stats: avg=500.35ms min=500.23ms max=500.47ms count=2
2024-10-17 13:46:36.098  2890-2965  EGL_emulation           com.iflytek.voicedemo                D  app_time_stats: avg=499.44ms min=498.79ms max=500.07ms count=3
2024-10-17 13:46:37.116  2890-2965  EGL_emulation           com.iflytek.voicedemo                D  app_time_stats: avg=508.77ms min=500.35ms max=517.19ms count=2
2024-10-17 13:46:38.616  2890-2965  EGL_emulation           com.iflytek.voicedemo                D  app_time_stats: avg=499.89ms min=499.52ms max=500.59ms count=3
2024-10-17 13:46:39.616  2890-2965  EGL_emulation           com.iflytek.voicedemo                D  app_time_stats: avg=500.03ms min=499.96ms max=500.09ms count=2
2024-10-17 13:46:40.617  2890-2965  EGL_emulation           com.iflytek.voicedemo                D  app_time_stats: avg=499.92ms min=498.75ms max=501.09ms count=2
2024-10-17 13:46:42.116  2890-2965  EGL_emulation           com.iflytek.voicedemo                D  app_time_stats: avg=499.76ms min=499.16ms max=500.36ms count=3
2024-10-17 13:46:43.116  2890-2965  EGL_emulation           com.iflytek.voicedemo                D  app_time_stats: avg=500.01ms min=499.42ms max=500.60ms count=2
2024-10-17 13:46:44.615  2890-2965  EGL_emulation           com.iflytek.voicedemo                D  app_time_stats: avg=499.54ms min=498.85ms max=500.41ms count=3
2024-10-17 13:46:45.634  2890-2965  EGL_emulation           com.iflytek.voicedemo                D  app_time_stats: avg=509.07ms min=501.01ms max=517.12ms count=2
2024-10-17 13:46:47.132  2890-2965  EGL_emulation           com.iflytek.voicedemo                D  app_time_stats: avg=499.27ms min=498.23ms max=500.22ms count=3
2024-10-17 13:46:48.132  2890-2965  EGL_emulation           com.iflytek.voicedemo                D  app_time_stats: avg=500.03ms min=499.60ms max=500.45ms count=2
2024-10-17 13:46:49.633  2890-2965  EGL_emulation           com.iflytek.voicedemo                D  app_time_stats: avg=500.03ms min=499.58ms max=500.48ms count=3
2024-10-17 13:46:51.133  2890-2965  EGL_emulation           com.iflytek.voicedemo                D  app_time_stats: avg=499.88ms min=499.62ms max=500.29ms count=3
2024-10-17 13:46:52.632  2890-2965  EGL_emulation           com.iflytek.voicedemo                D  app_time_stats: avg=499.77ms min=499.73ms max=499.84ms count=3
2024-10-17 13:46:53.649  2890-2965  EGL_emulation           com.iflytek.voicedemo                D  app_time_stats: avg=508.47ms min=499.88ms max=517.06ms count=2
2024-10-17 13:46:54.650  2890-2965  EGL_emulation           com.iflytek.voicedemo                D  app_time_stats: avg=500.17ms min=499.99ms max=500.36ms count=2
2024-10-17 13:46:56.149  2890-2965  EGL_emulation           com.iflytek.voicedemo                D  app_time_stats: avg=499.56ms min=498.72ms max=500.08ms count=3
2024-10-17 13:46:57.150  2890-2965  EGL_emulation           com.iflytek.voicedemo                D  app_time_stats: avg=500.31ms min=499.95ms max=500.68ms count=2
2024-10-17 13:46:58.150  2890-2965  EGL_emulation           com.iflytek.voicedemo                D  app_time_stats: avg=499.69ms min=498.24ms max=501.15ms count=2
2024-10-17 13:46:59.649  2890-2965  EGL_emulation           com.iflytek.voicedemo                D  app_time_stats: avg=499.41ms min=498.37ms max=500.12ms count=3
2024-10-17 13:47:00.649  2890-2965  EGL_emulation           com.iflytek.voicedemo                D  app_time_stats: avg=500.00ms min=499.44ms max=500.55ms count=2
2024-10-17 13:47:01.649  2890-2965  EGL_emulation           com.iflytek.voicedemo                D  app_time_stats: avg=499.87ms min=499.84ms max=499.90ms count=2
2024-10-17 13:47:02.666  2890-2965  EGL_emulation           com.iflytek.voicedemo                D  app_time_stats: avg=508.27ms min=499.24ms max=517.30ms count=2
2024-10-17 13:47:04.165  2890-2965  EGL_emulation           com.iflytek.voicedemo                D  app_time_stats: avg=499.71ms min=499.40ms max=500.01ms count=3
2024-10-17 13:47:05.166  2890-2965  EGL_emulation           com.iflytek.voicedemo                D  app_time_stats: avg=500.25ms min=499.58ms max=500.92ms count=2
2024-10-17 13:47:06.668  2890-2965  EGL_emulation           com.iflytek.voicedemo                D  app_time_stats: avg=500.51ms min=499.26ms max=502.77ms count=3
2024-10-17 13:47:08.165  2890-2965  EGL_emulation           com.iflytek.voicedemo                D  app_time_stats: avg=498.93ms min=498.50ms max=499.51ms count=3
2024-10-17 13:47:09.166  2890-2965  EGL_emulation           com.iflytek.voicedemo                D  app_time_stats: avg=500.26ms min=498.94ms max=501.57ms count=2
2024-10-17 13:47:10.665  2890-2965  EGL_emulation           com.iflytek.voicedemo                D  app_time_stats: avg=499.61ms min=499.14ms max=500.14ms count=3
2024-10-17 13:47:11.666  2890-2965  EGL_emulation           com.iflytek.voicedemo                D  app_time_stats: avg=500.01ms min=498.60ms max=501.42ms count=2
2024-10-17 13:47:12.682  2890-2965  EGL_emulation           com.iflytek.voicedemo                D  app_time_stats: avg=508.16ms min=499.45ms max=516.86ms count=2
2024-10-17 13:47:13.684  2890-2965  EGL_emulation           com.iflytek.voicedemo                D  app_time_stats: avg=500.72ms min=499.64ms max=501.80ms count=2
2024-10-17 13:47:15.183  2890-2965  EGL_emulation           com.iflytek.voicedemo                D  app_time_stats: avg=499.54ms min=497.90ms max=500.71ms count=3
2024-10-17 13:47:16.682  2890-2965  EGL_emulation           com.iflytek.voicedemo                D  app_time_stats: avg=499.61ms min=499.01ms max=499.93ms count=3
2024-10-17 13:47:17.682  2890-2965  EGL_emulation           com.iflytek.voicedemo                D  app_time_stats: avg=500.00ms min=499.62ms max=500.38ms count=2
2024-10-17 13:47:18.682  2890-2965  EGL_emulation           com.iflytek.voicedemo                D  app_time_stats: avg=500.00ms min=499.51ms max=500.50ms count=2
2024-10-17 13:47:19.683  2890-2965  EGL_emulation           com.iflytek.voicedemo                D  app_time_stats: avg=500.04ms min=499.99ms max=500.10ms count=2
2024-10-17 13:47:21.199  2890-2965  EGL_emulation           com.iflytek.voicedemo                D  app_time_stats: avg=505.32ms min=499.56ms max=516.60ms count=3
2024-10-17 13:47:22.699  2890-2965  EGL_emulation           com.iflytek.voicedemo                D  app_time_stats: avg=499.94ms min=499.35ms max=500.27ms count=3
2024-10-17 13:47:23.699  2890-2965  EGL_emulation           com.iflytek.voicedemo                D  app_time_stats: avg=500.10ms min=498.81ms max=501.38ms count=2
2024-10-17 13:47:25.199  2890-2965  EGL_emulation           com.iflytek.voicedemo                D  app_time_stats: avg=499.84ms min=499.32ms max=500.38ms count=3
2024-10-17 13:47:26.700  2890-2965  EGL_emulation           com.iflytek.voicedemo                D  app_time_stats: avg=500.18ms min=499.22ms max=501.04ms count=3
2024-10-17 13:47:27.700  2890-2965  EGL_emulation           com.iflytek.voicedemo                D  app_time_stats: avg=500.15ms min=499.11ms max=501.19ms count=2
2024-10-17 13:47:28.718  2890-2965  EGL_emulation           com.iflytek.voicedemo                D  app_time_stats: avg=508.74ms min=498.29ms max=519.20ms count=2
2024-10-17 13:47:30.216  2890-2965  EGL_emulation           com.iflytek.voicedemo                D  app_time_stats: avg=499.24ms min=498.30ms max=501.05ms count=3
2024-10-17 13:47:31.716  2890-2965  EGL_emulation           com.iflytek.voicedemo                D  app_time_stats: avg=499.80ms min=499.17ms max=500.64ms count=3
2024-10-17 13:47:32.716  2890-2965  EGL_emulation           com.iflytek.voicedemo                D  app_time_stats: avg=500.10ms min=499.18ms max=501.02ms count=2
2024-10-17 13:47:34.215  2890-2965  EGL_emulation           com.iflytek.voicedemo                D  app_time_stats: avg=499.68ms min=498.17ms max=501.25ms count=3
2024-10-17 13:47:35.716  2890-2965  EGL_emulation           com.iflytek.voicedemo                D  app_time_stats: avg=499.74ms min=499.48ms max=500.04ms count=3
2024-10-17 13:47:36.716  2890-2965  EGL_emulation           com.iflytek.voicedemo                D  app_time_stats: avg=500.22ms min=499.55ms max=500.90ms count=2
2024-10-17 13:47:37.733  2890-2965  EGL_emulation           com.iflytek.voicedemo                D  app_time_stats: avg=508.09ms min=499.35ms max=516.83ms count=2
2024-10-17 13:47:38.733  2890-2965  EGL_emulation           com.iflytek.voicedemo                D  app_time_stats: avg=500.03ms min=499.56ms max=500.50ms count=2
2024-10-17 13:47:39.733  2890-2965  EGL_emulation           com.iflytek.voicedemo                D  app_time_stats: avg=500.12ms min=499.45ms max=500.80ms count=2
2024-10-17 13:47:41.232  2890-2965  EGL_emulation           com.iflytek.voicedemo                D  app_time_stats: avg=499.67ms min=498.66ms max=500.19ms count=3
2024-10-17 13:47:42.732  2890-2965  EGL_emulation           com.iflytek.voicedemo                D  app_time_stats: avg=499.77ms min=499.70ms max=499.90ms count=3
2024-10-17 13:47:43.733  2890-2965  EGL_emulation           com.iflytek.voicedemo                D  app_time_stats: avg=500.21ms min=498.25ms max=502.18ms count=2
2024-10-17 13:47:45.232  2890-2965  EGL_emulation           com.iflytek.voicedemo                D  app_time_stats: avg=499.61ms min=499.37ms max=499.80ms count=3
2024-10-17 13:47:46.249  2890-2965  EGL_emulation           com.iflytek.voicedemo                D  app_time_stats: avg=508.48ms min=498.62ms max=518.34ms count=2
2024-10-17 13:47:47.251  2890-2965  EGL_emulation           com.iflytek.voicedemo                D  app_time_stats: avg=500.77ms min=500.16ms max=501.39ms count=2
2024-10-17 13:47:48.749  2890-2965  EGL_emulation           com.iflytek.voicedemo                D  app_time_stats: avg=499.12ms min=498.34ms max=499.93ms count=3
2024-10-17 13:47:49.749  2890-2965  EGL_emulation           com.iflytek.voicedemo                D  app_time_stats: avg=500.03ms min=499.52ms max=500.55ms count=2
2024-10-17 13:47:51.250  2890-2965  EGL_emulation           com.iflytek.voicedemo                D  app_time_stats: avg=500.21ms min=499.52ms max=500.86ms count=3
2024-10-17 13:47:52.751  2890-2965  EGL_emulation           com.iflytek.voicedemo                D  app_time_stats: avg=500.12ms min=498.70ms max=501.68ms count=3
2024-10-17 13:47:53.766  2890-2965  EGL_emulation           com.iflytek.voicedemo                D  app_time_stats: avg=507.37ms min=499.63ms max=515.11ms count=2
2024-10-17 13:47:54.767  2890-2965  EGL_emulation           com.iflytek.voicedemo                D  app_time_stats: avg=500.33ms min=500.02ms max=500.63ms count=2
2024-10-17 13:47:56.267  2890-2965  EGL_emulation           com.iflytek.voicedemo                D  app_time_stats: avg=500.00ms min=499.17ms max=500.56ms count=3
2024-10-17 13:47:57.766  2890-2965  EGL_emulation           com.iflytek.voicedemo                D  app_time_stats: avg=499.36ms min=498.01ms max=500.65ms count=3
2024-10-17 13:47:59.266  2890-2965  EGL_emulation           com.iflytek.voicedemo                D  app_time_stats: avg=500.03ms min=499.44ms max=500.78ms count=3
2024-10-17 13:48:00.784  2890-2965  EGL_emulation           com.iflytek.voicedemo                D  app_time_stats: avg=505.75ms min=498.62ms max=518.22ms count=3
2024-10-17 13:48:02.282  2890-2965  EGL_emulation           com.iflytek.voicedemo                D  app_time_stats: avg=499.21ms min=498.04ms max=499.94ms count=3
2024-10-17 13:48:03.283  2890-2965  EGL_emulation           com.iflytek.voicedemo                D  app_time_stats: avg=500.08ms min=499.51ms max=500.66ms count=2
2024-10-17 13:48:04.782  2890-2965  EGL_emulation           com.iflytek.voicedemo                D  app_time_stats: avg=499.78ms min=499.52ms max=500.13ms count=3
2024-10-17 13:48:05.783  2890-2965  EGL_emulation           com.iflytek.voicedemo                D  app_time_stats: avg=500.22ms min=500.09ms max=500.36ms count=2
2024-10-17 13:48:07.282  2890-2965  EGL_emulation           com.iflytek.voicedemo                D  app_time_stats: avg=499.61ms min=499.15ms max=500.46ms count=3
2024-10-17 13:48:08.783  2890-2965  EGL_emulation           com.iflytek.voicedemo                D  app_time_stats: avg=500.16ms min=499.60ms max=500.96ms count=3
2024-10-17 13:48:09.799  2890-2965  EGL_emulation           com.iflytek.voicedemo                D  app_time_stats: avg=507.95ms min=499.19ms max=516.70ms count=2
2024-10-17 13:48:11.299  2890-2965  EGL_emulation           com.iflytek.voicedemo                D  app_time_stats: avg=499.95ms min=499.50ms max=500.33ms count=3
2024-10-17 13:48:12.300  2890-2965  EGL_emulation           com.iflytek.voicedemo                D  app_time_stats: avg=500.03ms min=499.98ms max=500.07ms count=2
2024-10-17 13:48:13.799  2890-2965  EGL_emulation           com.iflytek.voicedemo                D  app_time_stats: avg=499.76ms min=498.83ms max=500.59ms count=3
2024-10-17 13:48:15.299  2890-2965  EGL_emulation           com.iflytek.voicedemo                D  app_time_stats: avg=499.57ms min=499.24ms max=500.22ms count=3
2024-10-17 13:48:16.316  2890-2965  EGL_emulation           com.iflytek.voicedemo                D  app_time_stats: avg=508.70ms min=499.84ms max=517.56ms count=2
2024-10-17 13:48:17.317  2890-2965  EGL_emulation           com.iflytek.voicedemo                D  app_time_stats: avg=499.97ms min=499.07ms max=500.87ms count=2
2024-10-17 13:48:18.816  2890-2965  EGL_emulation           com.iflytek.voicedemo                D  app_time_stats: avg=499.59ms min=498.37ms max=501.06ms count=3
2024-10-17 13:48:20.316  2890-2965  EGL_emulation           com.iflytek.voicedemo                D  app_time_stats: avg=499.97ms min=499.11ms max=500.67ms count=3
2024-10-17 13:48:21.815  2890-2965  EGL_emulation           com.iflytek.voicedemo                D  app_time_stats: avg=499.45ms min=498.81ms max=499.86ms count=3
2024-10-17 13:48:23.332  2890-2965  EGL_emulation           com.iflytek.voicedemo                D  app_time_stats: avg=505.67ms min=498.91ms max=517.44ms count=3
2024-10-17 13:48:24.333  2890-2965  EGL_emulation           com.iflytek.voicedemo                D  app_time_stats: avg=500.24ms min=499.33ms max=501.16ms count=2
2024-10-17 13:48:25.333  2890-2965  EGL_emulation           com.iflytek.voicedemo                D  app_time_stats: avg=499.96ms min=499.03ms max=500.90ms count=2
2024-10-17 13:48:26.833  2890-2965  EGL_emulation           com.iflytek.voicedemo                D  app_time_stats: avg=499.64ms min=499.07ms max=500.37ms count=3
2024-10-17 13:48:27.833  2890-2965  EGL_emulation           com.iflytek.voicedemo                D  app_time_stats: avg=500.25ms min=499.82ms max=500.69ms count=2
2024-10-17 13:48:29.334  2890-2965  EGL_emulation           com.iflytek.voicedemo                D  app_time_stats: avg=499.97ms min=498.73ms max=500.90ms count=3
2024-10-17 13:48:30.832  2890-2965  EGL_emulation           com.iflytek.voicedemo                D  app_time_stats: avg=499.37ms min=498.52ms max=500.28ms count=3
2024-10-17 13:48:31.849  2890-2965  EGL_emulation           com.iflytek.voicedemo                D  app_time_stats: avg=508.28ms min=499.63ms max=516.92ms count=2
2024-10-17 13:48:32.850  2890-2965  EGL_emulation           com.iflytek.voicedemo                D  app_time_stats: avg=500.50ms min=499.96ms max=501.03ms count=2
2024-10-17 13:48:34.349  2890-2965  EGL_emulation           com.iflytek.voicedemo                D  app_time_stats: avg=499.62ms min=499.49ms max=499.73ms count=3
2024-10-17 13:48:35.350  2890-2965  EGL_emulation           com.iflytek.voicedemo                D  app_time_stats: avg=500.40ms min=500.12ms max=500.68ms count=2
2024-10-17 13:48:36.849  2890-2965  EGL_emulation           com.iflytek.voicedemo                D  app_time_stats: avg=499.52ms min=498.97ms max=500.02ms count=3
2024-10-17 13:48:38.350  2890-2965  EGL_emulation           com.iflytek.voicedemo                D  app_time_stats: avg=499.96ms min=499.60ms max=500.21ms count=3
2024-10-17 13:48:39.850  2890-2965  EGL_emulation           com.iflytek.voicedemo                D  app_time_stats: avg=500.06ms min=499.52ms max=500.94ms count=3
2024-10-17 13:48:40.867  2890-2965  EGL_emulation           com.iflytek.voicedemo                D  app_time_stats: avg=508.07ms min=500.91ms max=515.24ms count=2
2024-10-17 13:48:41.869  2890-2965  EGL_emulation           com.iflytek.voicedemo                D  app_time_stats: avg=501.07ms min=499.71ms max=502.42ms count=2
2024-10-17 13:48:43.366  2890-2965  EGL_emulation           com.iflytek.voicedemo                D  app_time_stats: avg=498.97ms min=497.65ms max=499.74ms count=3
2024-10-17 13:48:44.367  2890-2965  EGL_emulation           com.iflytek.voicedemo                D  app_time_stats: avg=500.25ms min=498.99ms max=501.52ms count=2
2024-10-17 13:48:45.866  2890-2965  EGL_emulation           com.iflytek.voicedemo                D  app_time_stats: avg=499.43ms min=499.09ms max=499.88ms count=3
2024-10-17 13:48:46.866  2890-2965  EGL_emulation           com.iflytek.voicedemo                D  app_time_stats: avg=499.96ms min=499.30ms max=500.61ms count=2
2024-10-17 13:48:48.385  2890-2965  EGL_emulation           com.iflytek.voicedemo                D  app_time_stats: avg=506.22ms min=499.40ms max=519.55ms count=3
2024-10-17 13:48:49.882  2890-2965  EGL_emulation           com.iflytek.voicedemo                D  app_time_stats: avg=498.91ms min=497.19ms max=499.92ms count=3
2024-10-17 13:48:51.382  2890-2965  EGL_emulation           com.iflytek.voicedemo                D  app_time_stats: avg=499.95ms min=499.70ms max=500.07ms count=3
2024-10-17 13:48:52.383  2890-2965  EGL_emulation           com.iflytek.voicedemo                D  app_time_stats: avg=499.94ms min=498.14ms max=501.74ms count=2
2024-10-17 13:48:53.383  2890-2965  EGL_emulation           com.iflytek.voicedemo                D  app_time_stats: avg=499.91ms min=499.61ms max=500.21ms count=2
2024-10-17 13:48:54.882  2890-2965  EGL_emulation           com.iflytek.voicedemo                D  app_time_stats: avg=499.69ms min=498.53ms max=500.35ms count=3
2024-10-17 13:48:55.883  2890-2965  EGL_emulation           com.iflytek.voicedemo                D  app_time_stats: avg=500.21ms min=500.11ms max=500.31ms count=2
2024-10-17 13:48:56.899  2890-2965  EGL_emulation           com.iflytek.voicedemo                D  app_time_stats: avg=508.27ms min=500.54ms max=516.00ms count=2
2024-10-17 13:48:57.900  2890-2965  EGL_emulation           com.iflytek.voicedemo                D  app_time_stats: avg=499.93ms min=499.26ms max=500.60ms count=2
2024-10-17 13:48:58.900  2890-2965  EGL_emulation           com.iflytek.voicedemo                D  app_time_stats: avg=499.93ms min=498.29ms max=501.57ms count=2
2024-10-17 13:49:00.399  2890-2965  EGL_emulation           com.iflytek.voicedemo                D  app_time_stats: avg=499.22ms min=498.91ms max=499.80ms count=3
2024-10-17 13:49:01.399  2890-2965  EGL_emulation           com.iflytek.voicedemo                D  app_time_stats: avg=500.17ms min=498.91ms max=501.44ms count=2
2024-10-17 13:49:02.899  2890-2965  EGL_emulation           com.iflytek.voicedemo                D  app_time_stats: avg=499.64ms min=499.41ms max=499.97ms count=3
2024-10-17 13:49:03.916  2890-2965  EGL_emulation           com.iflytek.voicedemo                D  app_time_stats: avg=508.68ms min=500.05ms max=517.30ms count=2
2024-10-17 13:49:04.916  2890-2965  EGL_emulation           com.iflytek.voicedemo                D  app_time_stats: avg=499.86ms min=499.54ms max=500.17ms count=2
2024-10-17 13:49:06.416  2890-2965  EGL_emulation           com.iflytek.voicedemo                D  app_time_stats: avg=499.50ms min=498.99ms max=499.80ms count=3
2024-10-17 13:49:07.417  2890-2965  EGL_emulation           com.iflytek.voicedemo                D  app_time_stats: avg=500.43ms min=499.35ms max=501.51ms count=2
2024-10-17 13:49:08.417  2890-2965  EGL_emulation           com.iflytek.voicedemo                D  app_time_stats: avg=500.09ms min=498.04ms max=502.15ms count=2
2024-10-17 13:49:09.915  2890-2965  EGL_emulation           com.iflytek.voicedemo                D  app_time_stats: avg=499.23ms min=498.06ms max=500.44ms count=3
2024-10-17 13:49:11.433  2890-2965  EGL_emulation           com.iflytek.voicedemo                D  app_time_stats: avg=505.90ms min=498.94ms max=518.17ms count=3
2024-10-17 13:49:12.932  2890-2965  EGL_emulation           com.iflytek.voicedemo                D  app_time_stats: avg=499.38ms min=498.61ms max=500.76ms count=3
2024-10-17 13:49:13.934  2890-2965  EGL_emulation           com.iflytek.voicedemo                D  app_time_stats: avg=501.04ms min=500.18ms max=501.91ms count=2
2024-10-17 13:49:15.440  2890-2965  EGL_emulation           com.iflytek.voicedemo                D  app_time_stats: avg=501.73ms min=495.78ms max=507.74ms count=3
2024-10-17 13:49:16.933  2890-2965  EGL_emulation           com.iflytek.voicedemo                D  app_time_stats: avg=497.46ms min=492.55ms max=500.40ms count=3
2024-10-17 13:49:17.934  2890-2965  EGL_emulation           com.iflytek.voicedemo                D  app_time_stats: avg=500.31ms min=500.24ms max=500.38ms count=2
2024-10-17 13:49:18.950  2890-2965  EGL_emulation           com.iflytek.voicedemo                D  app_time_stats: avg=508.15ms min=498.66ms max=517.64ms count=2
2024-10-17 13:49:20.449  2890-2965  EGL_emulation           com.iflytek.voicedemo                D  app_time_stats: avg=499.44ms min=498.85ms max=500.06ms count=3
2024-10-17 13:49:21.450  2890-2965  EGL_emulation           com.iflytek.voicedemo                D  app_time_stats: avg=500.35ms min=500.09ms max=500.60ms count=2
2024-10-17 13:49:22.949  2890-2965  EGL_emulation           com.iflytek.voicedemo                D  app_time_stats: avg=499.42ms min=498.48ms max=500.67ms count=3
2024-10-17 13:49:23.950  2890-2965  EGL_emulation           com.iflytek.voicedemo                D  app_time_stats: avg=500.33ms min=499.55ms max=501.11ms count=2
2024-10-17 13:49:24.952  2890-2965  EGL_emulation           com.iflytek.voicedemo                D  app_time_stats: avg=501.13ms min=499.72ms max=502.53ms count=2
2024-10-17 13:49:26.449  2890-2965  EGL_emulation           com.iflytek.voicedemo                D  app_time_stats: avg=498.80ms min=496.80ms max=500.03ms count=3
2024-10-17 13:49:27.466  2890-2965  EGL_emulation           com.iflytek.voicedemo                D  app_time_stats: avg=508.40ms min=500.23ms max=516.58ms count=2
2024-10-17 13:49:28.467  2890-2965  EGL_emulation           com.iflytek.voicedemo                D  app_time_stats: avg=500.04ms min=499.42ms max=500.66ms count=2
2024-10-17 13:49:29.966  2890-2965  EGL_emulation           com.iflytek.voicedemo                D  app_time_stats: avg=499.42ms min=498.19ms max=500.11ms count=3
2024-10-17 13:49:30.967  2890-2965  EGL_emulation           com.iflytek.voicedemo                D  app_time_stats: avg=500.17ms min=500.15ms max=500.18ms count=2
2024-10-17 13:49:31.967  2890-2965  EGL_emulation           com.iflytek.voicedemo                D  app_time_stats: avg=500.00ms min=499.28ms max=500.73ms count=2
2024-10-17 13:49:33.466  2890-2965  EGL_emulation           com.iflytek.voicedemo                D  app_time_stats: avg=499.46ms min=498.60ms max=499.93ms count=3
2024-10-17 13:49:34.483  2890-2965  EGL_emulation           com.iflytek.voicedemo                D  app_time_stats: avg=508.50ms min=500.24ms max=516.76ms count=2
2024-10-17 13:49:35.982  2890-2965  EGL_emulation           com.iflytek.voicedemo                D  app_time_stats: avg=499.63ms min=499.43ms max=500.00ms count=3
2024-10-17 13:49:36.984  2890-2965  EGL_emulation           com.iflytek.voicedemo                D  app_time_stats: avg=500.78ms min=499.69ms max=501.88ms count=2
2024-10-17 13:49:37.984  2890-2965  EGL_emulation           com.iflytek.voicedemo                D  app_time_stats: avg=500.01ms min=498.11ms max=501.92ms count=2
2024-10-17 13:49:39.483  2890-2965  EGL_emulation           com.iflytek.voicedemo                D  app_time_stats: avg=499.29ms min=497.43ms max=500.34ms count=3
2024-10-17 13:49:40.484  2890-2965  EGL_emulation           com.iflytek.voicedemo                D  app_time_stats: avg=500.24ms min=499.36ms max=501.12ms count=2
2024-10-17 13:49:42.001  2890-2965  EGL_emulation           com.iflytek.voicedemo                D  app_time_stats: avg=505.65ms min=498.24ms max=518.81ms count=3
2024-10-17 13:49:43.500  2890-2965  EGL_emulation           com.iflytek.voicedemo                D  app_time_stats: avg=499.36ms min=497.85ms max=500.84ms count=3
2024-10-17 13:49:44.999  2890-2965  EGL_emulation           com.iflytek.voicedemo                D  app_time_stats: avg=499.57ms min=498.81ms max=500.25ms count=3
2024-10-17 13:49:46.499  2890-2965  EGL_emulation           com.iflytek.voicedemo                D  app_time_stats: avg=499.76ms min=499.53ms max=500.08ms count=3
2024-10-17 13:49:47.502  2890-2965  EGL_emulation           com.iflytek.voicedemo                D  app_time_stats: avg=501.58ms min=501.47ms max=501.68ms count=2
