2024-10-18 15:58:35.598 13064-13125 MSC_LOG                 com.iflytek.voicedemo                D  QISRRegisterNotify Begin
2024-10-18 15:58:35.600 13064-13125 MSC_LOG                 com.iflytek.voicedemo                D  QISRRegisterNotify Findclass
2024-10-18 15:58:35.611 13064-13125 MSC_LOG                 com.iflytek.voicedemo                D  QISRRegisterNotify GetstaticMethodID
2024-10-18 15:58:35.617 13064-13125 MSC_LOG                 com.iflytek.voicedemo                D  QISRRegisterNotify Get sessionID
2024-10-18 15:58:35.618 13064-13125 MSC_LOG                 com.iflytek.voicedemo                D  QISRRegisterNotify start call
2024-10-18 15:58:35.620 13064-13125 MSC_LOG                 com.iflytek.voicedemo                D  QISRRegisterNotify End
2024-10-18 15:58:35.621 13064-13125 MscSpeechLog            com.iflytek.voicedemo                D  curStatus=start,setStatus=recording
2024-10-18 15:58:35.621 13064-13125 MscSpeechLog            com.iflytek.voicedemo                D  setStatus success=recording
2024-10-18 15:58:35.765 13064-13109 MSC_LOG                 com.iflytek.voicedemo                D  JNI_IsrStatusCB
2024-10-18 15:58:35.765 13064-13109 MSC_LOG                 com.iflytek.voicedemo                D  JNI_IsrStatusCB AttachCurrentThread
2024-10-18 15:58:35.765 13064-13109 MSC_LOG                 com.iflytek.voicedemo                D  JNI_IsrStatusCB get sessionID chararray
2024-10-18 15:58:35.765 13064-13109 MSC_LOG                 com.iflytek.voicedemo                D  JNI_IsrStatusCB get param2 bytearray
2024-10-18 15:58:35.766 13064-13109 MSC_LOG                 com.iflytek.voicedemo                D  JNI_IsrStatusCB CallVoidMethod
2024-10-18 15:58:35.766 13064-13109 MSC_LOG                 com.iflytek.voicedemo                D  JNI_IsrStatusCB DetachCurrentThread
2024-10-18 15:58:35.784 13064-13064 lytek.voicedemo         com.iflytek.voicedemo                W  type=1400 audit(0.0:881): avc: denied { search } for name="net" dev="sysfs" ino=5058 scontext=u:r:untrusted_app:s0:c154,c256,c512,c768 tcontext=u:object_r:sysfs_net:s0 tclass=dir permissive=0 app=com.iflytek.voicedemo
2024-10-18 15:58:35.784 13064-13064 chatty                  com.iflytek.voicedemo                I  uid=10154(com.iflytek.voicedemo) identical 3 lines
2024-10-18 15:58:35.784 13064-13064 lytek.voicedemo         com.iflytek.voicedemo                W  type=1400 audit(0.0:885): avc: denied { search } for name="net" dev="sysfs" ino=5058 scontext=u:r:untrusted_app:s0:c154,c256,c512,c768 tcontext=u:object_r:sysfs_net:s0 tclass=dir permissive=0 app=com.iflytek.voicedemo
2024-10-18 15:58:36.388 13064-13109 MSC_LOG                 com.iflytek.voicedemo                D  JNI_IsrErrorCB
2024-10-18 15:58:36.388 13064-13109 MSC_LOG                 com.iflytek.voicedemo                D  JNI_IsrErrorCB AttachCurrentThread
2024-10-18 15:58:36.389 13064-13109 MSC_LOG                 com.iflytek.voicedemo                D  JNI_IsrErrorCB get sessionID chararray
2024-10-18 15:58:36.389 13064-13109 MSC_LOG                 com.iflytek.voicedemo                D  JNI_IsrErrorCB get detail chararray
2024-10-18 15:58:36.389 13064-13109 MSC_LOG                 com.iflytek.voicedemo                D  JNI_IsrErrorCB CallVoidMethod
2024-10-18 15:58:36.389 13064-13109 MscSpeechLog            com.iflytek.voicedemo                D  clear all message
2024-10-18 15:58:36.389 13064-13109 MscSpeechLog            com.iflytek.voicedemo                D  curStatus=recording,setStatus=exiting
2024-10-18 15:58:36.389 13064-13109 MscSpeechLog            com.iflytek.voicedemo                D  setStatus success=exiting
2024-10-18 15:58:36.389 13064-13109 MSC_LOG                 com.iflytek.voicedemo                D  JNI_IsrErrorCB DetachCurrentThread
2024-10-18 15:58:36.389 13064-13125 MscSpeechLog            com.iflytek.voicedemo                D  onSessionEnd
2024-10-18 15:58:36.389 13064-13125 MscSpeechLog            com.iflytek.voicedemo                D  stop record
2024-10-18 15:58:36.390 13064-13125 MSC_LOG                 com.iflytek.voicedemo                D  QISRSetParam Begin
2024-10-18 15:58:36.390 13064-13125 MSC_LOG                 com.iflytek.voicedemo                D  QISRSetParam End
2024-10-18 15:58:36.390 13064-13125 MscSpeechLog            com.iflytek.voicedemo                D  sessionEnd enter 
2024-10-18 15:58:36.390 13064-13125 MSC_LOG                 com.iflytek.voicedemo                D  QISRSessionEnd Begin
2024-10-18 15:58:36.395 13064-13125 MSC_LOG                 com.iflytek.voicedemo                D  QISRSessionEnd End
2024-10-18 15:58:36.395 13064-13125 MSC_LOG                 com.iflytek.voicedemo                D  DeleteGlobalRef g_isrCbData.m_obj
2024-10-18 15:58:36.395 13064-13125 MscSpeechLog            com.iflytek.voicedemo                D  sessionEnd leavel:true time:5
2024-10-18 15:58:36.395 13064-13125 MscSpeechLog            com.iflytek.voicedemo                D  curStatus=exiting,setStatus=exited
2024-10-18 15:58:36.395 13064-13125 MscSpeechLog            com.iflytek.voicedemo                D  setStatus success=exited
2024-10-18 15:58:36.395 13064-13125 MscSpeechLog            com.iflytek.voicedemo                D  clear all message
2024-10-18 15:58:36.395 13064-13125 MscSpeechLog            com.iflytek.voicedemo                D  RecognizerListener#onEnd
2024-10-18 15:58:36.398 13064-13125 MscSpeechLog            com.iflytek.voicedemo                D  start abandon audio focus
2024-10-18 15:58:36.401 13064-13125 MscSpeechLog            com.iflytek.voicedemo                D  clear all message
2024-10-18 15:58:36.402 13064-13125 MscSpeechLog            com.iflytek.voicedemo                D  quit current Msc Handler thread
2024-10-18 15:58:36.414 13064-13126 MscSpeechLog            com.iflytek.voicedemo                D  release record begin
2024-10-18 15:58:36.434 13064-13126 MscSpeechLog            com.iflytek.voicedemo                D  release record over
2024-10-18 15:58:38.098 13064-13064 InputEventReceiver      com.iflytek.voicedemo                W  Attempted to finish an input event but the input event receiver has already been disposed.
2024-10-18 15:58:38.957 13064-13064 IatDemo                 com.iflytek.voicedemo                E  language = zh_cn
2024-10-18 15:58:38.957 13064-13064 IatDemo                 com.iflytek.voicedemo                E  last language:zh_cn
2024-10-18 15:58:38.959 13064-13064 MscSpeechLog            com.iflytek.voicedemo                D  start engine mode = MSC
2024-10-18 15:58:38.960 13064-13064 MscSpeechLog            com.iflytek.voicedemo                D  mSpeechTimeOut=60000
2024-10-18 15:58:38.960 13064-13064 MscSpeechLog            com.iflytek.voicedemo                D  start request music_stream focus
2024-10-18 15:58:38.960 13064-13064 AudioManager            com.iflytek.voicedemo                W  Use of stream types is deprecated for operations other than volume control
2024-10-18 15:58:38.960 13064-13064 AudioManager            com.iflytek.voicedemo                W  See the documentation of requestAudioFocus() for what to use instead with android.media.AudioAttributes to qualify your playback use case
2024-10-18 15:58:38.961 13064-13064 MscSpeechLog            com.iflytek.voicedemo                D  [isr]startListening called
2024-10-18 15:58:38.961 13064-13064 MscSpeechLog            com.iflytek.voicedemo                D  curStatus=init,setStatus=start
2024-10-18 15:58:38.961 13064-13064 MscSpeechLog            com.iflytek.voicedemo                D  setStatus success=start
2024-10-18 15:58:38.962 13064-13158 MscSpeechLog            com.iflytek.voicedemo                D  [isr]start connecting
2024-10-18 15:58:38.964 13064-13158 MscSpeechLog            com.iflytek.voicedemo                D  QISRSessionBegin begin, grammar: null
2024-10-18 15:58:38.964 13064-13158 MSC_LOG                 com.iflytek.voicedemo                D  QISRSessionBegin Begin
2024-10-18 15:58:38.974 13064-13064 MscSpeechLog            com.iflytek.voicedemo                D  stopRecognize, current status is :start usercancel : true
2024-10-18 15:58:38.974 13064-13064 MscSpeechLog            com.iflytek.voicedemo                D  curStatus=start,setStatus=waitresult
2024-10-18 15:58:38.974 13064-13064 MscSpeechLog            com.iflytek.voicedemo                D  setStatus success=waitresult
2024-10-18 15:58:38.975 13064-13158 MSC_LOG                 com.iflytek.voicedemo                D  QISRSessionBegin End
2024-10-18 15:58:38.976 13064-13158 MscSpeechLog            com.iflytek.voicedemo                D  QISRSessionBegin end: 0 time:12
2024-10-18 15:58:38.977 13064-13158 MSC_LOG                 com.iflytek.voicedemo                D  QISRRegisterNotify Begin
2024-10-18 15:58:38.977 13064-13158 MSC_LOG                 com.iflytek.voicedemo                D  QISRRegisterNotify Findclass
2024-10-18 15:58:38.977 13064-13158 MSC_LOG                 com.iflytek.voicedemo                D  QISRRegisterNotify GetstaticMethodID
2024-10-18 15:58:38.977 13064-13158 MSC_LOG                 com.iflytek.voicedemo                D  QISRRegisterNotify Get sessionID
2024-10-18 15:58:38.977 13064-13158 MSC_LOG                 com.iflytek.voicedemo                D  QISRRegisterNotify start call
2024-10-18 15:58:38.977 13064-13158 MSC_LOG                 com.iflytek.voicedemo                D  QISRRegisterNotify End
2024-10-18 15:58:38.977 13064-13158 MscSpeechLog            com.iflytek.voicedemo                D  curStatus=waitresult,setStatus=recording
2024-10-18 15:58:38.977 13064-13158 MscSpeechLog            com.iflytek.voicedemo                D  setStatus success=recording
2024-10-18 15:58:38.980 13064-13108 MSC_LOG                 com.iflytek.voicedemo                D  JNI_IsrStatusCB
2024-10-18 15:58:38.980 13064-13108 MSC_LOG                 com.iflytek.voicedemo                D  JNI_IsrStatusCB AttachCurrentThread
2024-10-18 15:58:38.980 13064-13108 MSC_LOG                 com.iflytek.voicedemo                D  JNI_IsrStatusCB get sessionID chararray
2024-10-18 15:58:38.980 13064-13108 MSC_LOG                 com.iflytek.voicedemo                D  JNI_IsrStatusCB get param2 bytearray
2024-10-18 15:58:38.980 13064-13108 MSC_LOG                 com.iflytek.voicedemo                D  JNI_IsrStatusCB CallVoidMethod
2024-10-18 15:58:38.980 13064-13108 MSC_LOG                 com.iflytek.voicedemo                D  JNI_IsrStatusCB DetachCurrentThread
2024-10-18 15:58:38.997 13064-13158 MscSpeechLog            com.iflytek.voicedemo                D  recording stop
2024-10-18 15:58:38.997 13064-13158 MscSpeechLog            com.iflytek.voicedemo                D  IsrSession pushEndFlag
2024-10-18 15:58:38.996 13064-13064 lytek.voicedemo         com.iflytek.voicedemo                W  type=1400 audit(0.0:905): avc: denied { search } for name="net" dev="sysfs" ino=5058 scontext=u:r:untrusted_app:s0:c154,c256,c512,c768 tcontext=u:object_r:sysfs_net:s0 tclass=dir permissive=0 app=com.iflytek.voicedemo
2024-10-18 15:58:38.996 13064-13064 lytek.voicedemo         com.iflytek.voicedemo                W  type=1400 audit(0.0:906): avc: denied { search } for name="net" dev="sysfs" ino=5058 scontext=u:r:untrusted_app:s0:c154,c256,c512,c768 tcontext=u:object_r:sysfs_net:s0 tclass=dir permissive=0 app=com.iflytek.voicedemo
2024-10-18 15:58:38.996 13064-13064 lytek.voicedemo         com.iflytek.voicedemo                W  type=1400 audit(0.0:907): avc: denied { search } for name="net" dev="sysfs" ino=5058 scontext=u:r:untrusted_app:s0:c154,c256,c512,c768 tcontext=u:object_r:sysfs_net:s0 tclass=dir permissive=0 app=com.iflytek.voicedemo
2024-10-18 15:58:38.996 13064-13064 lytek.voicedemo         com.iflytek.voicedemo                W  type=1400 audit(0.0:908): avc: denied { search } for name="net" dev="sysfs" ino=5058 scontext=u:r:untrusted_app:s0:c154,c256,c512,c768 tcontext=u:object_r:sysfs_net:s0 tclass=dir permissive=0 app=com.iflytek.voicedemo
2024-10-18 15:58:38.996 13064-13064 lytek.voicedemo         com.iflytek.voicedemo                W  type=1400 audit(0.0:909): avc: denied { search } for name="net" dev="sysfs" ino=5058 scontext=u:r:untrusted_app:s0:c154,c256,c512,c768 tcontext=u:object_r:sysfs_net:s0 tclass=dir permissive=0 app=com.iflytek.voicedemo
2024-10-18 15:58:39.077 13064-13108 MSC_LOG                 com.iflytek.voicedemo                D  JNI_IsrStatusCB
2024-10-18 15:58:39.077 13064-13108 MSC_LOG                 com.iflytek.voicedemo                D  JNI_IsrStatusCB AttachCurrentThread
2024-10-18 15:58:39.077 13064-13108 MSC_LOG                 com.iflytek.voicedemo                D  JNI_IsrStatusCB get sessionID chararray
2024-10-18 15:58:39.077 13064-13108 MSC_LOG                 com.iflytek.voicedemo                D  JNI_IsrStatusCB get param2 bytearray
2024-10-18 15:58:39.077 13064-13108 MSC_LOG                 com.iflytek.voicedemo                D  JNI_IsrStatusCB CallVoidMethod
2024-10-18 15:58:39.077 13064-13108 MscRecognizer           com.iflytek.voicedemo                D  stusCb:3,type:0
2024-10-18 15:58:39.077 13064-13108 MscSpeechLog            com.iflytek.voicedemo                D  isr recognize vadEndCall
2024-10-18 15:58:39.077 13064-13108 MscSpeechLog            com.iflytek.voicedemo                D  stopRecognize, current status is :recording usercancel : false
2024-10-18 15:58:39.077 13064-13108 MscSpeechLog            com.iflytek.voicedemo                D  curStatus=recording,setStatus=waitresult
2024-10-18 15:58:39.077 13064-13108 MscSpeechLog            com.iflytek.voicedemo                D  setStatus success=waitresult
2024-10-18 15:58:39.077 13064-13108 MSC_LOG                 com.iflytek.voicedemo                D  JNI_IsrStatusCB DetachCurrentThread
2024-10-18 15:58:39.077 13064-13158 MscSpeechLog            com.iflytek.voicedemo                D  recording stop
2024-10-18 15:58:39.077 13064-13158 MscSpeechLog            com.iflytek.voicedemo                D  IsrSession pushEndFlag
2024-10-18 15:58:39.195 13064-13108 MSC_LOG                 com.iflytek.voicedemo                D  JNI_IsrStatusCB
2024-10-18 15:58:39.195 13064-13108 MSC_LOG                 com.iflytek.voicedemo                D  JNI_IsrStatusCB AttachCurrentThread
2024-10-18 15:58:39.195 13064-13108 MSC_LOG                 com.iflytek.voicedemo                D  JNI_IsrStatusCB get sessionID chararray
2024-10-18 15:58:39.195 13064-13108 MSC_LOG                 com.iflytek.voicedemo                D  JNI_IsrStatusCB get param2 bytearray
2024-10-18 15:58:39.195 13064-13108 MSC_LOG                 com.iflytek.voicedemo                D  JNI_IsrStatusCB CallVoidMethod
2024-10-18 15:58:39.195 13064-13108 MSC_LOG                 com.iflytek.voicedemo                D  JNI_IsrStatusCB DetachCurrentThread
2024-10-18 15:58:39.265 13064-13108 MSC_LOG                 com.iflytek.voicedemo                D  JNI_IsrErrorCB
2024-10-18 15:58:39.265 13064-13108 MSC_LOG                 com.iflytek.voicedemo                D  JNI_IsrErrorCB AttachCurrentThread
2024-10-18 15:58:39.266 13064-13108 MSC_LOG                 com.iflytek.voicedemo                D  JNI_IsrErrorCB get sessionID chararray
2024-10-18 15:58:39.266 13064-13108 MSC_LOG                 com.iflytek.voicedemo                D  JNI_IsrErrorCB get detail chararray
2024-10-18 15:58:39.266 13064-13108 MSC_LOG                 com.iflytek.voicedemo                D  JNI_IsrErrorCB CallVoidMethod
2024-10-18 15:58:39.266 13064-13108 MscSpeechLog            com.iflytek.voicedemo                D  clear all message
2024-10-18 15:58:39.266 13064-13108 MscSpeechLog            com.iflytek.voicedemo                D  curStatus=waitresult,setStatus=exiting
2024-10-18 15:58:39.266 13064-13108 MscSpeechLog            com.iflytek.voicedemo                D  setStatus success=exiting
2024-10-18 15:58:39.266 13064-13108 MSC_LOG                 com.iflytek.voicedemo                D  JNI_IsrErrorCB DetachCurrentThread
2024-10-18 15:58:39.266 13064-13158 MscSpeechLog            com.iflytek.voicedemo                D  onSessionEnd
2024-10-18 15:58:39.266 13064-13158 MSC_LOG                 com.iflytek.voicedemo                D  QISRSetParam Begin
2024-10-18 15:58:39.267 13064-13158 MSC_LOG                 com.iflytek.voicedemo                D  QISRSetParam End
2024-10-18 15:58:39.267 13064-13158 MscSpeechLog            com.iflytek.voicedemo                D  sessionEnd enter 
2024-10-18 15:58:39.267 13064-13158 MSC_LOG                 com.iflytek.voicedemo                D  QISRSessionEnd Begin
2024-10-18 15:58:39.271 13064-13158 MSC_LOG                 com.iflytek.voicedemo                D  QISRSessionEnd End
2024-10-18 15:58:39.271 13064-13158 MSC_LOG                 com.iflytek.voicedemo                D  DeleteGlobalRef g_isrCbData.m_obj
2024-10-18 15:58:39.271 13064-13158 MscSpeechLog            com.iflytek.voicedemo                D  sessionEnd leavel:true time:4
2024-10-18 15:58:39.271 13064-13158 MscSpeechLog            com.iflytek.voicedemo                D  curStatus=exiting,setStatus=exited
2024-10-18 15:58:39.271 13064-13158 MscSpeechLog            com.iflytek.voicedemo                D  setStatus success=exited
2024-10-18 15:58:39.271 13064-13158 MscSpeechLog            com.iflytek.voicedemo                D  clear all message
2024-10-18 15:58:39.271 13064-13158 MscSpeechLog            com.iflytek.voicedemo                D  RecognizerListener#onEnd
2024-10-18 15:58:39.273 13064-13158 MscSpeechLog            com.iflytek.voicedemo                D  start abandon audio focus
2024-10-18 15:58:39.274 13064-13158 MscSpeechLog            com.iflytek.voicedemo                D  clear all message
2024-10-18 15:58:39.274 13064-13158 MscSpeechLog            com.iflytek.voicedemo                D  quit current Msc Handler thread
2024-10-18 15:58:39.276 13064-13064 IatDemo                 com.iflytek.voicedemo                D  onError .(:10205)
2024-10-18 16:00:20.403 13064-13064 MscSpeechLog            com.iflytek.voicedemo                E  SpeechRecognizer cancel failed, is not running
2024-10-18 16:00:20.403 13064-13064 MscSpeechLog            com.iflytek.voicedemo                D  Destory asr engine.
2024-10-18 16:00:20.403 13064-13064 MSC_LOG                 com.iflytek.voicedemo                D  QMSPSetParam Begin
2024-10-18 16:00:20.403 13064-13064 MSC_LOG                 com.iflytek.voicedemo                D  QMSPSetParam End
2024-10-18 16:00:24.467 13064-13081 System                  com.iflytek.voicedemo                W  A resource failed to call dispose. 
2024-10-18 16:00:24.468 13064-13081 MscSpeechLog            com.iflytek.voicedemo                D  class x861x.z861z finalize called
2024-10-18 16:00:24.469 13064-13081 MscSpeechLog            com.iflytek.voicedemo                D  class x861x.z861z finalize called
2024-10-18 16:00:24.469 13064-13081 MscSpeechLog            com.iflytek.voicedemo                D  [finalize] release recoder
2024-10-18 16:01:58.203   581-13928 ActivityManager         system_server                        E  ANR in com.android.systemui
                                                                                                    PID: 12304
                                                                                                    Reason: executing service com.android.systemui/.dump.SystemUIAuxiliaryDumpService
                                                                                                    Load: 0.3 / 0.39 / 0.43
                                                                                                    ----- Output from /proc/pressure/memory -----
                                                                                                    some avg10=0.00 avg60=0.01 avg300=0.00 total=5984519
                                                                                                    full avg10=0.00 avg60=0.00 avg300=0.00 total=1051658
                                                                                                    ----- End output from /proc/pressure/memory -----
                                                                                                    
                                                                                                    CPU usage from 118776ms to 0ms ago (2024-10-18 07:59:58.411 to 2024-10-18 08:01:57.187):
                                                                                                      2.7% 282/android.hardware.bluetooth@1.1-service.sim: 0% user + 2.7% kernel
                                                                                                      2.6% 21632/com.google.android.tts: 0.3% user + 2.2% kernel / faults: 6246 minor 20 major
                                                                                                      1.7% 581/system_server: 0.4% user + 1.3% kernel / faults: 23497 minor 29 major
                                                                                                      1.4% 295/android.hardware.graphics.composer@2.3-service: 0% user + 1.4% kernel
                                                                                                      0.6% 10/rcu_preempt: 0% user + 0.6% kernel
                                                                                                      0.5% 306/android.hardware.sensors@2.1-service.multihal: 0% user + 0.5% kernel
                                                                                                      0.5% 16/ksoftirqd/1: 0% user + 0.5% kernel
                                                                                                      0.4% 1105/com.google.android.apps.nexuslauncher: 0% user + 0.3% kernel / faults: 625 minor 22 major
                                                                                                      0.3% 294/android.hardware.graphics.allocator@3.0-service: 0% user + 0.3% kernel
                                                                                                      0.3% 1834/com.google.android.googlequicksearchbox:search: 0% user + 0.2% kernel / faults: 1782 minor 492 major
                                                                                                      0.3% 9/ksoftirqd/0: 0% user + 0.3% kernel
                                                                                                      0.3% 20973/com.android.chrome: 0.1% user + 0.2% kernel / faults: 3351 minor 2 major
                                                                                                      0.3% 335/surfaceflinger: 0% user + 0.2% kernel / faults: 53 minor 2 major
                                                                                                      0.2% 26/ksoftirqd/3: 0% user + 0.2% kernel
                                                                                                      0.2% 21/ksoftirqd/2: 0% user + 0.2% kernel
                                                                                                      0.2% 12153/kworker/u8:3-events_unbound: 0% user + 0.2% kernel
                                                                                                      0.1% 1656/com.iflytek.inputmethod: 0% user + 0.1% kernel / faults: 3166 minor 320 major
                                                                                                      0.1% 964/com.android.phone: 0% user + 0.1% kernel / faults: 628 minor 10 major
                                                                                                      0.1% 1265/com.google.android.gms.persistent: 0% user + 0% kernel / faults: 1330 minor 15 major
                                                                                                      0.1% 2220/com.iflytek.inputmethod.assist: 0% user + 0% kernel / faults: 1745 minor 12 major
                                                                                                      0.1% 191/jbd2/dm-5-8: 0% user + 0.1% kernel
                                                                                                      0.1% 13064/com.iflytek.voicedemo: 0% user + 0% kernel / faults: 953 minor 2 major
                                                                                                      0.1% 2412/com.google.android.gms: 0% user + 0% kernel / faults: 583 minor
                                                                                                      0.1% 21084/com.android.chrome:privileged_process0: 0% user + 0% kernel / faults: 223 minor 1 major
                                                                                                      0% 11979/kworker/u8:0-events_unbound: 0% user + 0% kernel
                                                                                                      0% 12941/process-tracker: 0% user + 0% kernel
                                                                                                      0% 372/adbd: 0% user + 0% kernel / faults: 3 minor
                                                                                                      0% 906/com.android.networkstack.process: 0% user + 0% kernel / faults: 664 minor
                                                                                                      0% 12971/process-tracker: 0% user + 0% kernel
                                                                                                      0% 274/netd: 0% user + 0% kernel / faults: 86 minor
                                                                                                      0% 13164/com.google.android.apps.messaging: 0% user + 0% kernel / faults: 212 minor 1 major
                                                                                                      0% 158/logd: 0% user + 0% kernel / faults: 4 minor 2 major
                                                                                                      0% 273/statsd: 0% user + 0% kernel / faults: 1 minor
                                                                                                      0% 12304/zygote: 0% user + 0% kernel / faults: 301 minor
                                                                                                      0% 848/android.hardware.gnss@2.0-service.ranchu: 0% user + 0% kernel / faults: 2 major
                                                                                                      0% 12331/kworker/1:2-events: 0% user + 0% kernel
                                                                                                      0% 13362/com.google.android.apps.youtube.music: 0% user + 0% kernel / faults: 221 minor
                                                                                                      0% 13684/com.google.android.youtube: 0% user + 0% kernel / faults: 24 minor
                                                                                                      0% 8504/android.process.acore: 0% user + 0% kernel / faults: 295 minor 12 major
                                                                                                      0% 12926/kworker/u8:5-events_unbound: 0% user + 0% kernel
                                                                                                      0% 14827/com.google.process.gapps: 0% user + 0% kernel / faults: 649 minor
                                                                                                      0% 114/kworker/1:1H-kblockd: 0% user + 0% kernel
                                                                                                      0% 159/lmkd: 0% user + 0% kernel
                                                                                                      0% 2930/com.google.android.ims: 0% user + 0% kernel / faults: 263 minor 176 major
                                                                                                      0% 11785/kworker/2:1-events_power_efficient: 0% user + 0% kernel
                                                                                                      0% 11957/kworker/u9:0-fscrypt_read_queue: 0% user + 0% kernel
                                                                                                      0% 25/migration/3: 0% user + 0% kernel
                                                                                                      0% 113/kworker/3:1H-kblockd: 0% user + 0% kernel
                                                                                                      0% 161/servicemanager: 0% user + 0% kernel
                                                                                                      0% 240/loop21: 0% user + 0% kernel
                                                                                                      0% 323/audioserver: 0% user + 0% kernel
                                                                                                      0% 355/logcat: 0% user + 0% kernel
2024-10-18 16:02:16.368 14226-14226 NetworkSecurityConfig   com.iflytek.voicedemo                D  No Network Security Config specified, using platform default
2024-10-18 16:02:16.368 14226-14226 NetworkSecurityConfig   com.iflytek.voicedemo                D  No Network Security Config specified, using platform default
2024-10-18 16:02:16.385 14226-14258 libEGL                  com.iflytek.voicedemo                D  loaded /vendor/lib/egl/libEGL_emulation.so
2024-10-18 16:02:16.389 14226-14226 AppCompatDelegate       com.iflytek.voicedemo                D  Checking for metadata for AppLocalesMetadataHolderService : Service not found
2024-10-18 16:02:16.391 14226-14258 libEGL                  com.iflytek.voicedemo                D  loaded /vendor/lib/egl/libGLESv1_CM_emulation.so
2024-10-18 16:02:16.393 14226-14258 libEGL                  com.iflytek.voicedemo                D  loaded /vendor/lib/egl/libGLESv2_emulation.so
2024-10-18 16:02:16.423 14226-14226 lytek.voicedem          com.iflytek.voicedemo                W  Accessing hidden method Landroid/view/View;->computeFitSystemWindows(Landroid/graphics/Rect;Landroid/graphics/Rect;)Z (greylist, reflection, allowed)
2024-10-18 16:02:16.423 14226-14226 lytek.voicedem          com.iflytek.voicedemo                W  Accessing hidden method Landroid/view/ViewGroup;->makeOptionalFitsSystemWindows()V (greylist, reflection, allowed)
2024-10-18 16:02:16.467 14226-14256 HostConnection          com.iflytek.voicedemo                D  HostConnection::get() New Host Connection established 0xec66fb10, tid 14256
2024-10-18 16:02:16.473 14226-14256 HostConnection          com.iflytek.voicedemo                D  HostComposition ext ANDROID_EMU_CHECKSUM_HELPER_v1 ANDROID_EMU_native_sync_v2 ANDROID_EMU_native_sync_v3 ANDROID_EMU_native_sync_v4 ANDROID_EMU_dma_v1 ANDROID_EMU_direct_mem ANDROID_EMU_host_composition_v1 ANDROID_EMU_host_composition_v2 ANDROID_EMU_vulkan ANDROID_EMU_deferred_vulkan_commands ANDROID_EMU_vulkan_null_optional_strings ANDROID_EMU_vulkan_create_resources_with_requirements ANDROID_EMU_YUV_Cache ANDROID_EMU_vulkan_ignored_handles ANDROID_EMU_has_shared_slots_host_memory_allocator ANDROID_EMU_vulkan_free_memory_sync ANDROID_EMU_vulkan_shader_float16_int8 ANDROID_EMU_vulkan_async_queue_submit ANDROID_EMU_sync_buffer_data ANDROID_EMU_vulkan_async_qsri ANDROID_EMU_read_color_buffer_dma GL_OES_vertex_array_object GL_KHR_texture_compression_astc_ldr ANDROID_EMU_host_side_tracing ANDROID_EMU_gles_max_version_2 
2024-10-18 16:02:16.475 14226-14256 OpenGLRenderer          com.iflytek.voicedemo                W  Failed to choose config with EGL_SWAP_BEHAVIOR_PRESERVED, retrying without...
2024-10-18 16:02:16.489 14226-14256 EGL_emulation           com.iflytek.voicedemo                D  eglCreateContext: 0xec66ff00: maj 2 min 0 rcv 2
2024-10-18 16:02:16.508 14226-14256 EGL_emulation           com.iflytek.voicedemo                D  eglMakeCurrent: 0xec66ff00: ver 2 0 (tinfo 0xec9bcc90) (first time)
2024-10-18 16:02:16.588 14226-14256 Gralloc4                com.iflytek.voicedemo                I  mapper 4.x is not supported
2024-10-18 16:02:16.589 14226-14256 HostConnection          com.iflytek.voicedemo                D  createUnique: call
2024-10-18 16:02:16.590 14226-14256 HostConnection          com.iflytek.voicedemo                D  HostConnection::get() New Host Connection established 0xec670a60, tid 14256
2024-10-18 16:02:16.590 14226-14256 goldfish-address-space  com.iflytek.voicedemo                D  allocate: Ask for block of size 0x100
2024-10-18 16:02:16.590 14226-14256 goldfish-address-space  com.iflytek.voicedemo                D  allocate: ioctl allocate returned offset 0x3e3ffe000 size 0x2000
2024-10-18 16:02:16.594 14226-14256 HostConnection          com.iflytek.voicedemo                D  HostComposition ext ANDROID_EMU_CHECKSUM_HELPER_v1 ANDROID_EMU_native_sync_v2 ANDROID_EMU_native_sync_v3 ANDROID_EMU_native_sync_v4 ANDROID_EMU_dma_v1 ANDROID_EMU_direct_mem ANDROID_EMU_host_composition_v1 ANDROID_EMU_host_composition_v2 ANDROID_EMU_vulkan ANDROID_EMU_deferred_vulkan_commands ANDROID_EMU_vulkan_null_optional_strings ANDROID_EMU_vulkan_create_resources_with_requirements ANDROID_EMU_YUV_Cache ANDROID_EMU_vulkan_ignored_handles ANDROID_EMU_has_shared_slots_host_memory_allocator ANDROID_EMU_vulkan_free_memory_sync ANDROID_EMU_vulkan_shader_float16_int8 ANDROID_EMU_vulkan_async_queue_submit ANDROID_EMU_sync_buffer_data ANDROID_EMU_vulkan_async_qsri ANDROID_EMU_read_color_buffer_dma GL_OES_vertex_array_object GL_KHR_texture_compression_astc_ldr ANDROID_EMU_host_side_tracing ANDROID_EMU_gles_max_version_2 
2024-10-18 16:02:18.131 14226-14244 System                  com.iflytek.voicedemo                W  A resource failed to call close. 
2024-10-18 16:02:21.911 14226-14266 ProfileInstaller        com.iflytek.voicedemo                D  Installing profile for com.iflytek.voicedemo
